C:\ikvm\classpath\ikvm\lang\DotNetProcess.java
C:\ikvm\classpath\gnu\classpath\Configuration.java
C:\ikvm\classpath\gnu\java\net\protocol\ikvmres\Handler.java
C:\ikvm\classpath\java\io\FileDescriptor.java
C:\ikvm\classpath\java\io\FileInputStream.java
C:\ikvm\classpath\java\io\FileOutputStream.java
C:\ikvm\classpath\java\io\RandomAccessFile.java
C:\ikvm\classpath\java\lang\Thread.java
C:\ikvm\classpath\java\lang\Class.java
C:\ikvm\classpath\java\lang\VMClassLoader.java
C:\ikvm\classpath\java\lang\reflect\Constructor.java
C:\ikvm\classpath\java\lang\reflect\Method.java
C:\ikvm\classpath\java\lang\reflect\Field.java
C:\ikvm\classpath\java\net\PlainSocketImpl.java
C:\ikvm\classpath\java\net\PlainDatagramSocketImpl.java
C:\ikvm\classpath\sun\misc\Ref.java
C:\classpath-0.04\gnu\java\awt\BitMaskExtent.java
C:\classpath-0.04\gnu\java\awt\Buffers.java
C:\classpath-0.04\gnu\java\awt\ComponentDataBlitOp.java
C:\classpath-0.04\gnu\java\awt\EventModifier.java
C:\classpath-0.04\gnu\java\awt\GLightweightPeer.java
C:\classpath-0.04\gnu\java\awt\image\GdkPixbufDecoder.java
C:\classpath-0.04\gnu\java\awt\image\ImageDecoder.java
C:\classpath-0.04\gnu\java\awt\image\XBMDecoder.java
C:\classpath-0.04\gnu\java\beans\BeanInfoEmbryo.java
C:\classpath-0.04\gnu\java\beans\EmptyBeanInfo.java
C:\classpath-0.04\gnu\java\beans\ExplicitBeanInfo.java
C:\classpath-0.04\gnu\java\beans\IntrospectionIncubator.java
C:\classpath-0.04\gnu\java\beans\editors\ColorEditor.java
C:\classpath-0.04\gnu\java\beans\editors\FontEditor.java
C:\classpath-0.04\gnu\java\beans\editors\NativeBooleanEditor.java
C:\classpath-0.04\gnu\java\beans\editors\NativeByteEditor.java
C:\classpath-0.04\gnu\java\beans\editors\NativeDoubleEditor.java
C:\classpath-0.04\gnu\java\beans\editors\NativeFloatEditor.java
C:\classpath-0.04\gnu\java\beans\editors\NativeIntEditor.java
C:\classpath-0.04\gnu\java\beans\editors\NativeLongEditor.java
C:\classpath-0.04\gnu\java\beans\editors\NativeShortEditor.java
C:\classpath-0.04\gnu\java\beans\editors\StringEditor.java
C:\classpath-0.04\gnu\java\beans\info\ComponentBeanInfo.java
C:\classpath-0.04\gnu\java\io\ClassLoaderObjectInputStream.java
C:\classpath-0.04\gnu\java\io\EncodingManager.java
C:\classpath-0.04\gnu\java\io\NullOutputStream.java
C:\classpath-0.04\gnu\java\io\ObjectIdentityWrapper.java
C:\classpath-0.04\gnu\java\io\PlatformHelper.java
C:\classpath-0.04\gnu\java\io\decode\Decoder.java
C:\classpath-0.04\gnu\java\io\decode\Decoder8859_1.java
C:\classpath-0.04\gnu\java\io\decode\Decoder8859_2.java
C:\classpath-0.04\gnu\java\io\decode\Decoder8859_3.java
C:\classpath-0.04\gnu\java\io\decode\Decoder8859_4.java
C:\classpath-0.04\gnu\java\io\decode\Decoder8859_5.java
C:\classpath-0.04\gnu\java\io\decode\DecoderEightBitLookup.java
C:\classpath-0.04\gnu\java\io\decode\DecoderUTF8.java
C:\classpath-0.04\gnu\java\io\encode\Encoder.java
C:\classpath-0.04\gnu\java\io\encode\Encoder8859_1.java
C:\classpath-0.04\gnu\java\io\encode\Encoder8859_2.java
C:\classpath-0.04\gnu\java\io\encode\Encoder8859_3.java
C:\classpath-0.04\gnu\java\io\encode\Encoder8859_4.java
C:\classpath-0.04\gnu\java\io\encode\Encoder8859_5.java
C:\classpath-0.04\gnu\java\io\encode\EncoderEightBitLookup.java
C:\classpath-0.04\gnu\java\io\encode\EncoderUTF8.java
C:\classpath-0.04\gnu\java\lang\ArrayHelper.java
C:\classpath-0.04\gnu\java\lang\CharData.java
C:\classpath-0.04\gnu\java\lang\ClassHelper.java
C:\classpath-0.04\gnu\java\lang\ClassLoaderHelper.java
C:\classpath-0.04\gnu\java\lang\ExecutionStack.java
C:\classpath-0.04\gnu\java\lang\MainThread.java
C:\classpath-0.04\gnu\java\lang\StackFrame.java
C:\classpath-0.04\gnu\java\lang\SystemClassLoader.java
C:\classpath-0.04\gnu\java\lang\reflect\TypeSignature.java
C:\classpath-0.04\gnu\java\locale\Calendar.java
C:\classpath-0.04\gnu\java\locale\Calendar_de.java
C:\classpath-0.04\gnu\java\locale\Calendar_en.java
C:\classpath-0.04\gnu\java\locale\Calendar_nl.java
C:\classpath-0.04\gnu\java\locale\LocaleInformation.java
C:\classpath-0.04\gnu\java\locale\LocaleInformation_af_ZA.java
C:\classpath-0.04\gnu\java\locale\LocaleInformation_ar_AE.java
C:\classpath-0.04\gnu\java\locale\LocaleInformation_ar_BH.java
C:\classpath-0.04\gnu\java\locale\LocaleInformation_ar_DZ.java
C:\classpath-0.04\gnu\java\locale\LocaleInformation_ar_EG.java
C:\classpath-0.04\gnu\java\locale\LocaleInformation_ar_IN.java
C:\classpath-0.04\gnu\java\locale\LocaleInformation_ar_IQ.java
C:\classpath-0.04\gnu\java\locale\LocaleInformation_ar_JO.java
C:\classpath-0.04\gnu\java\locale\LocaleInformation_ar_KW.java
C:\classpath-0.04\gnu\java\locale\LocaleInformation_ar_LB.java
C:\classpath-0.04\gnu\java\locale\LocaleInformation_ar_LY.java
C:\classpath-0.04\gnu\java\locale\LocaleInformation_ar_MA.java
C:\classpath-0.04\gnu\java\locale\LocaleInformation_ar_OM.java
C:\classpath-0.04\gnu\java\locale\LocaleInformation_ar_QA.java
C:\classpath-0.04\gnu\java\locale\LocaleInformation_ar_SD.java
C:\classpath-0.04\gnu\java\locale\LocaleInformation_ar_SY.java
C:\classpath-0.04\gnu\java\locale\LocaleInformation_ar_TN.java
C:\classpath-0.04\gnu\java\locale\LocaleInformation_ar_YE.java
C:\classpath-0.04\gnu\java\locale\LocaleInformation_be_BY.java
C:\classpath-0.04\gnu\java\locale\LocaleInformation_bn_IN.java
C:\classpath-0.04\gnu\java\locale\LocaleInformation_br_FR.java
C:\classpath-0.04\gnu\java\locale\LocaleInformation_bs_BA.java
C:\classpath-0.04\gnu\java\locale\LocaleInformation_ca_ES.java
C:\classpath-0.04\gnu\java\locale\LocaleInformation_cs_CZ.java
C:\classpath-0.04\gnu\java\locale\LocaleInformation_cy_GB.java
C:\classpath-0.04\gnu\java\locale\LocaleInformation_da_DK.java
C:\classpath-0.04\gnu\java\locale\LocaleInformation_de.java
C:\classpath-0.04\gnu\java\locale\LocaleInformation_de_AT.java
C:\classpath-0.04\gnu\java\locale\LocaleInformation_de_BE.java
C:\classpath-0.04\gnu\java\locale\LocaleInformation_de_CH.java
C:\classpath-0.04\gnu\java\locale\LocaleInformation_de_DE.java
C:\classpath-0.04\gnu\java\locale\LocaleInformation_de_LU.java
C:\classpath-0.04\gnu\java\locale\LocaleInformation_el_GR.java
C:\classpath-0.04\gnu\java\locale\LocaleInformation_en.java
C:\classpath-0.04\gnu\java\locale\LocaleInformation_en_AU.java
C:\classpath-0.04\gnu\java\locale\LocaleInformation_en_BW.java
C:\classpath-0.04\gnu\java\locale\LocaleInformation_en_CA.java
C:\classpath-0.04\gnu\java\locale\LocaleInformation_en_DK.java
C:\classpath-0.04\gnu\java\locale\LocaleInformation_en_GB.java
C:\classpath-0.04\gnu\java\locale\LocaleInformation_en_HK.java
C:\classpath-0.04\gnu\java\locale\LocaleInformation_en_IE.java
C:\classpath-0.04\gnu\java\locale\LocaleInformation_en_IN.java
C:\classpath-0.04\gnu\java\locale\LocaleInformation_en_NZ.java
C:\classpath-0.04\gnu\java\locale\LocaleInformation_en_PH.java
C:\classpath-0.04\gnu\java\locale\LocaleInformation_en_SG.java
C:\classpath-0.04\gnu\java\locale\LocaleInformation_en_US.java
C:\classpath-0.04\gnu\java\locale\LocaleInformation_en_ZA.java
C:\classpath-0.04\gnu\java\locale\LocaleInformation_en_ZW.java
C:\classpath-0.04\gnu\java\locale\LocaleInformation_es_AR.java
C:\classpath-0.04\gnu\java\locale\LocaleInformation_es_BO.java
C:\classpath-0.04\gnu\java\locale\LocaleInformation_es_CL.java
C:\classpath-0.04\gnu\java\locale\LocaleInformation_es_CO.java
C:\classpath-0.04\gnu\java\locale\LocaleInformation_es_CR.java
C:\classpath-0.04\gnu\java\locale\LocaleInformation_es_DO.java
C:\classpath-0.04\gnu\java\locale\LocaleInformation_es_EC.java
C:\classpath-0.04\gnu\java\locale\LocaleInformation_es_ES.java
C:\classpath-0.04\gnu\java\locale\LocaleInformation_es_GT.java
C:\classpath-0.04\gnu\java\locale\LocaleInformation_es_HN.java
C:\classpath-0.04\gnu\java\locale\LocaleInformation_es_MX.java
C:\classpath-0.04\gnu\java\locale\LocaleInformation_es_NI.java
C:\classpath-0.04\gnu\java\locale\LocaleInformation_es_PA.java
C:\classpath-0.04\gnu\java\locale\LocaleInformation_es_PE.java
C:\classpath-0.04\gnu\java\locale\LocaleInformation_es_PR.java
C:\classpath-0.04\gnu\java\locale\LocaleInformation_es_PY.java
C:\classpath-0.04\gnu\java\locale\LocaleInformation_es_SV.java
C:\classpath-0.04\gnu\java\locale\LocaleInformation_es_US.java
C:\classpath-0.04\gnu\java\locale\LocaleInformation_es_UY.java
C:\classpath-0.04\gnu\java\locale\LocaleInformation_es_VE.java
C:\classpath-0.04\gnu\java\locale\LocaleInformation_et_EE.java
C:\classpath-0.04\gnu\java\locale\LocaleInformation_eu_ES.java
C:\classpath-0.04\gnu\java\locale\LocaleInformation_fa_IR.java
C:\classpath-0.04\gnu\java\locale\LocaleInformation_fi_FI.java
C:\classpath-0.04\gnu\java\locale\LocaleInformation_fo_FO.java
C:\classpath-0.04\gnu\java\locale\LocaleInformation_fr_BE.java
C:\classpath-0.04\gnu\java\locale\LocaleInformation_fr_CA.java
C:\classpath-0.04\gnu\java\locale\LocaleInformation_fr_CH.java
C:\classpath-0.04\gnu\java\locale\LocaleInformation_fr_FR.java
C:\classpath-0.04\gnu\java\locale\LocaleInformation_fr_LU.java
C:\classpath-0.04\gnu\java\locale\LocaleInformation_ga_IE.java
C:\classpath-0.04\gnu\java\locale\LocaleInformation_gd_GB.java
C:\classpath-0.04\gnu\java\locale\LocaleInformation_gl_ES.java
C:\classpath-0.04\gnu\java\locale\LocaleInformation_gv_GB.java
C:\classpath-0.04\gnu\java\locale\LocaleInformation_he_IL.java
C:\classpath-0.04\gnu\java\locale\LocaleInformation_hi_IN.java
C:\classpath-0.04\gnu\java\locale\LocaleInformation_hr_HR.java
C:\classpath-0.04\gnu\java\locale\LocaleInformation_hu_HU.java
C:\classpath-0.04\gnu\java\locale\LocaleInformation_id_ID.java
C:\classpath-0.04\gnu\java\locale\LocaleInformation_it_CH.java
C:\classpath-0.04\gnu\java\locale\LocaleInformation_it_IT.java
C:\classpath-0.04\gnu\java\locale\LocaleInformation_iw_IL.java
C:\classpath-0.04\gnu\java\locale\LocaleInformation_ja_JP.java
C:\classpath-0.04\gnu\java\locale\LocaleInformation_ka_GE.java
C:\classpath-0.04\gnu\java\locale\LocaleInformation_kl_GL.java
C:\classpath-0.04\gnu\java\locale\LocaleInformation_ko_KR.java
C:\classpath-0.04\gnu\java\locale\LocaleInformation_kw_GB.java
C:\classpath-0.04\gnu\java\locale\LocaleInformation_lt_LT.java
C:\classpath-0.04\gnu\java\locale\LocaleInformation_lv_LV.java
C:\classpath-0.04\gnu\java\locale\LocaleInformation_mi_NZ.java
C:\classpath-0.04\gnu\java\locale\LocaleInformation_mk_MK.java
C:\classpath-0.04\gnu\java\locale\LocaleInformation_mr_IN.java
C:\classpath-0.04\gnu\java\locale\LocaleInformation_mt_MT.java
C:\classpath-0.04\gnu\java\locale\LocaleInformation_nl.java
C:\classpath-0.04\gnu\java\locale\LocaleInformation_nl_BE.java
C:\classpath-0.04\gnu\java\locale\LocaleInformation_nl_NL.java
C:\classpath-0.04\gnu\java\locale\LocaleInformation_nn_NO.java
C:\classpath-0.04\gnu\java\locale\LocaleInformation_no_NO.java
C:\classpath-0.04\gnu\java\locale\LocaleInformation_oc_FR.java
C:\classpath-0.04\gnu\java\locale\LocaleInformation_pl_PL.java
C:\classpath-0.04\gnu\java\locale\LocaleInformation_pt_BR.java
C:\classpath-0.04\gnu\java\locale\LocaleInformation_pt_PT.java
C:\classpath-0.04\gnu\java\locale\LocaleInformation_ro_RO.java
C:\classpath-0.04\gnu\java\locale\LocaleInformation_ru_RU.java
C:\classpath-0.04\gnu\java\locale\LocaleInformation_ru_UA.java
C:\classpath-0.04\gnu\java\locale\LocaleInformation_se_NO.java
C:\classpath-0.04\gnu\java\locale\LocaleInformation_sk_SK.java
C:\classpath-0.04\gnu\java\locale\LocaleInformation_sl_SI.java
C:\classpath-0.04\gnu\java\locale\LocaleInformation_sq_AL.java
C:\classpath-0.04\gnu\java\locale\LocaleInformation_sr_YU.java
C:\classpath-0.04\gnu\java\locale\LocaleInformation_sv_FI.java
C:\classpath-0.04\gnu\java\locale\LocaleInformation_sv_SE.java
C:\classpath-0.04\gnu\java\locale\LocaleInformation_ta_IN.java
C:\classpath-0.04\gnu\java\locale\LocaleInformation_te_IN.java
C:\classpath-0.04\gnu\java\locale\LocaleInformation_tg_TJ.java
C:\classpath-0.04\gnu\java\locale\LocaleInformation_tl_PH.java
C:\classpath-0.04\gnu\java\locale\LocaleInformation_tr_TR.java
C:\classpath-0.04\gnu\java\locale\LocaleInformation_uk_UA.java
C:\classpath-0.04\gnu\java\locale\LocaleInformation_ur_PK.java
C:\classpath-0.04\gnu\java\locale\LocaleInformation_uz_UZ.java
C:\classpath-0.04\gnu\java\locale\LocaleInformation_vi_VN.java
C:\classpath-0.04\gnu\java\locale\LocaleInformation_yi_US.java
C:\classpath-0.04\gnu\java\locale\LocaleInformation_zh_CN.java
C:\classpath-0.04\gnu\java\locale\LocaleInformation_zh_HK.java
C:\classpath-0.04\gnu\java\locale\LocaleInformation_zh_SG.java
C:\classpath-0.04\gnu\java\locale\LocaleInformation_zh_TW.java
C:\classpath-0.04\gnu\java\math\MPN.java
C:\classpath-0.04\gnu\java\net\HeaderFieldHelper.java
C:\classpath-0.04\gnu\java\net\content\text\plain.java
C:\classpath-0.04\gnu\java\net\protocol\file\FileURLConnection.java
C:\classpath-0.04\gnu\java\net\protocol\file\Handler.java
C:\classpath-0.04\gnu\java\net\protocol\http\Handler.java
C:\classpath-0.04\gnu\java\net\protocol\http\HttpURLConnection.java
C:\classpath-0.04\gnu\java\net\protocol\jar\Handler.java
C:\classpath-0.04\gnu\java\net\protocol\jar\JarURLConnection.java
C:\classpath-0.04\gnu\java\nio\ByteBufferImpl.java
C:\classpath-0.04\gnu\java\nio\CharBufferImpl.java
C:\classpath-0.04\gnu\java\nio\DatagramChannelImpl.java
C:\classpath-0.04\gnu\java\nio\DoubleBufferImpl.java
C:\classpath-0.04\gnu\java\nio\FileChannelImpl.java
C:\classpath-0.04\gnu\java\nio\FloatBufferImpl.java
C:\classpath-0.04\gnu\java\nio\IntBufferImpl.java
C:\classpath-0.04\gnu\java\nio\LongBufferImpl.java
C:\classpath-0.04\gnu\java\nio\MappedByteFileBuffer.java
C:\classpath-0.04\gnu\java\nio\MappedCharFileBuffer.java
C:\classpath-0.04\gnu\java\nio\MappedDoubleFileBuffer.java
C:\classpath-0.04\gnu\java\nio\MappedFloatFileBuffer.java
C:\classpath-0.04\gnu\java\nio\MappedIntFileBuffer.java
C:\classpath-0.04\gnu\java\nio\MappedLongFileBuffer.java
C:\classpath-0.04\gnu\java\nio\MappedShortFileBuffer.java
C:\classpath-0.04\gnu\java\nio\PipeImpl.java
C:\classpath-0.04\gnu\java\nio\SelectionKeyImpl.java
C:\classpath-0.04\gnu\java\nio\SelectorImpl.java
C:\classpath-0.04\gnu\java\nio\SelectorProviderImpl.java
C:\classpath-0.04\gnu\java\nio\ServerSocketChannelImpl.java
C:\classpath-0.04\gnu\java\nio\ShortBufferImpl.java
C:\classpath-0.04\gnu\java\nio\SocketChannelImpl.java
C:\classpath-0.04\gnu\java\nio\charset\ISO_8859_1.java
C:\classpath-0.04\gnu\java\nio\charset\Provider.java
C:\classpath-0.04\gnu\java\nio\charset\US_ASCII.java
C:\classpath-0.04\gnu\java\nio\charset\UTF_16.java
C:\classpath-0.04\gnu\java\nio\charset\UTF_16BE.java
C:\classpath-0.04\gnu\java\nio\charset\UTF_16Decoder.java
C:\classpath-0.04\gnu\java\nio\charset\UTF_16Encoder.java
C:\classpath-0.04\gnu\java\nio\charset\UTF_16LE.java
C:\classpath-0.04\gnu\java\nio\charset\UTF_8.java
C:\classpath-0.04\gnu\java\rmi\RMIMarshalledObjectInputStream.java
C:\classpath-0.04\gnu\java\rmi\RMIMarshalledObjectOutputStream.java
C:\classpath-0.04\gnu\java\rmi\dgc\DGCImpl.java
C:\classpath-0.04\gnu\java\rmi\dgc\DGCImpl_Skel.java
C:\classpath-0.04\gnu\java\rmi\dgc\DGCImpl_Stub.java
C:\classpath-0.04\gnu\java\rmi\registry\RegistryImpl.java
C:\classpath-0.04\gnu\java\rmi\registry\RegistryImpl_Skel.java
C:\classpath-0.04\gnu\java\rmi\registry\RegistryImpl_Stub.java
C:\classpath-0.04\gnu\java\rmi\rmic\Compiler.java
C:\classpath-0.04\gnu\java\rmi\rmic\CompilerProcess.java
C:\classpath-0.04\gnu\java\rmi\rmic\Compile_gcj.java
C:\classpath-0.04\gnu\java\rmi\rmic\RMIC.java
C:\classpath-0.04\gnu\java\rmi\rmic\TabbedWriter.java
C:\classpath-0.04\gnu\java\rmi\server\ConnectionRunnerPool.java
C:\classpath-0.04\gnu\java\rmi\server\ProtocolConstants.java
C:\classpath-0.04\gnu\java\rmi\server\RMIDefaultSocketFactory.java
C:\classpath-0.04\gnu\java\rmi\server\RMIHashes.java
C:\classpath-0.04\gnu\java\rmi\server\RMIObjectInputStream.java
C:\classpath-0.04\gnu\java\rmi\server\RMIObjectOutputStream.java
C:\classpath-0.04\gnu\java\rmi\server\UnicastConnection.java
C:\classpath-0.04\gnu\java\rmi\server\UnicastConnectionManager.java
C:\classpath-0.04\gnu\java\rmi\server\UnicastRef.java
C:\classpath-0.04\gnu\java\rmi\server\UnicastRemoteCall.java
C:\classpath-0.04\gnu\java\rmi\server\UnicastRemoteStub.java
C:\classpath-0.04\gnu\java\rmi\server\UnicastServer.java
C:\classpath-0.04\gnu\java\rmi\server\UnicastServerRef.java
C:\classpath-0.04\gnu\java\security\der\DEREncodingException.java
C:\classpath-0.04\gnu\java\security\provider\DefaultPolicy.java
C:\classpath-0.04\gnu\java\security\provider\DERReader.java
C:\classpath-0.04\gnu\java\security\provider\DERWriter.java
C:\classpath-0.04\gnu\java\security\provider\DSAKeyPairGenerator.java
C:\classpath-0.04\gnu\java\security\provider\DSAParameterGenerator.java
C:\classpath-0.04\gnu\java\security\provider\DSAParameters.java
C:\classpath-0.04\gnu\java\security\provider\DSASignature.java
C:\classpath-0.04\gnu\java\security\provider\Gnu.java
C:\classpath-0.04\gnu\java\security\provider\GnuDSAPrivateKey.java
C:\classpath-0.04\gnu\java\security\provider\GnuDSAPublicKey.java
C:\classpath-0.04\gnu\java\security\provider\MD5.java
C:\classpath-0.04\gnu\java\security\provider\SHA.java
C:\classpath-0.04\gnu\java\security\provider\SHA1PRNG.java
C:\classpath-0.04\gnu\java\security\util\Prime.java
C:\classpath-0.04\gnu\java\text\BaseBreakIterator.java
C:\classpath-0.04\gnu\java\text\CharacterBreakIterator.java
C:\classpath-0.04\gnu\java\text\LineBreakIterator.java
C:\classpath-0.04\gnu\java\text\SentenceBreakIterator.java
C:\classpath-0.04\gnu\java\text\WordBreakIterator.java
C:\classpath-0.04\gnu\java\util\DoubleEnumeration.java
C:\classpath-0.04\gnu\java\util\EmptyEnumeration.java
C:\classpath-0.04\gnu\java\util\prefs\FileBasedFactory.java
C:\classpath-0.04\gnu\java\util\prefs\MemoryBasedFactory.java
C:\classpath-0.04\gnu\java\util\prefs\MemoryBasedPreferences.java
C:\classpath-0.04\gnu\java\util\prefs\NodeReader.java
C:\classpath-0.04\gnu\java\util\prefs\NodeWriter.java
C:\classpath-0.04\gnu\javax\rmi\PortableServer.java
C:\classpath-0.04\gnu\javax\rmi\CORBA\DelegateFactory.java
C:\classpath-0.04\gnu\javax\rmi\CORBA\GetDelegateInstanceException.java
C:\classpath-0.04\gnu\javax\rmi\CORBA\PortableRemoteObjectDelegateImpl.java
C:\classpath-0.04\gnu\javax\rmi\CORBA\StubDelegateImpl.java
C:\classpath-0.04\gnu\javax\rmi\CORBA\UtilDelegateImpl.java
C:\classpath-0.04\gnu\javax\rmi\CORBA\ValueHandlerImpl.java
C:\classpath-0.04\java\applet\Applet.java
C:\classpath-0.04\java\applet\AppletContext.java
C:\classpath-0.04\java\applet\AppletStub.java
C:\classpath-0.04\java\applet\AudioClip.java
C:\classpath-0.04\java\awt\ActiveEvent.java
C:\classpath-0.04\java\awt\Adjustable.java
C:\classpath-0.04\java\awt\AlphaComposite.java
C:\classpath-0.04\java\awt\AttributeValue.java
C:\classpath-0.04\java\awt\AWTError.java
C:\classpath-0.04\java\awt\AWTEvent.java
C:\classpath-0.04\java\awt\AWTEventMulticaster.java
C:\classpath-0.04\java\awt\AWTException.java
C:\classpath-0.04\java\awt\AWTKeyStroke.java
C:\classpath-0.04\java\awt\AWTPermission.java
C:\classpath-0.04\java\awt\BasicStroke.java
C:\classpath-0.04\java\awt\BorderLayout.java
C:\classpath-0.04\java\awt\BufferCapabilities.java
C:\classpath-0.04\java\awt\Button.java
C:\classpath-0.04\java\awt\Canvas.java
C:\classpath-0.04\java\awt\CardLayout.java
C:\classpath-0.04\java\awt\Checkbox.java
C:\classpath-0.04\java\awt\CheckboxGroup.java
C:\classpath-0.04\java\awt\CheckboxMenuItem.java
C:\classpath-0.04\java\awt\Choice.java
C:\classpath-0.04\java\awt\Color.java
C:\classpath-0.04\java\awt\ColorPaintContext.java
C:\classpath-0.04\java\awt\Component.java
C:\classpath-0.04\java\awt\ComponentOrientation.java
C:\classpath-0.04\java\awt\Composite.java
C:\classpath-0.04\java\awt\CompositeContext.java
C:\classpath-0.04\java\awt\Container.java
C:\classpath-0.04\java\awt\ContainerOrderFocusTraversalPolicy.java
C:\classpath-0.04\java\awt\Cursor.java
C:\classpath-0.04\java\awt\DefaultFocusTraversalPolicy.java
C:\classpath-0.04\java\awt\DefaultKeyboardFocusManager.java
C:\classpath-0.04\java\awt\Dialog.java
C:\classpath-0.04\java\awt\Dimension.java
C:\classpath-0.04\java\awt\DisplayMode.java
C:\classpath-0.04\java\awt\Event.java
C:\classpath-0.04\java\awt\EventDispatchThread.java
C:\classpath-0.04\java\awt\EventQueue.java
C:\classpath-0.04\java\awt\FileDialog.java
C:\classpath-0.04\java\awt\FlowLayout.java
C:\classpath-0.04\java\awt\FocusTraversalPolicy.java
C:\classpath-0.04\java\awt\Font.java
C:\classpath-0.04\java\awt\FontFormatException.java
C:\classpath-0.04\java\awt\FontMetrics.java
C:\classpath-0.04\java\awt\Frame.java
C:\classpath-0.04\java\awt\GradientPaint.java
C:\classpath-0.04\java\awt\Graphics.java
C:\classpath-0.04\java\awt\Graphics2D.java
C:\classpath-0.04\java\awt\GraphicsConfigTemplate.java
C:\classpath-0.04\java\awt\GraphicsConfiguration.java
C:\classpath-0.04\java\awt\GraphicsDevice.java
C:\classpath-0.04\java\awt\GraphicsEnvironment.java
C:\classpath-0.04\java\awt\GridBagConstraints.java
C:\classpath-0.04\java\awt\GridBagLayout.java
C:\classpath-0.04\java\awt\GridLayout.java
C:\classpath-0.04\java\awt\HeadlessException.java
C:\classpath-0.04\java\awt\IllegalComponentStateException.java
C:\classpath-0.04\java\awt\Image.java
C:\classpath-0.04\java\awt\ImageCapabilities.java
C:\classpath-0.04\java\awt\Insets.java
C:\classpath-0.04\java\awt\ItemSelectable.java
C:\classpath-0.04\java\awt\JobAttributes.java
C:\classpath-0.04\java\awt\KeyboardFocusManager.java
C:\classpath-0.04\java\awt\KeyEventDispatcher.java
C:\classpath-0.04\java\awt\KeyEventPostProcessor.java
C:\classpath-0.04\java\awt\Label.java
C:\classpath-0.04\java\awt\LayoutManager.java
C:\classpath-0.04\java\awt\LayoutManager2.java
C:\classpath-0.04\java\awt\List.java
C:\classpath-0.04\java\awt\MediaTracker.java
C:\classpath-0.04\java\awt\Menu.java
C:\classpath-0.04\java\awt\MenuBar.java
C:\classpath-0.04\java\awt\MenuComponent.java
C:\classpath-0.04\java\awt\MenuContainer.java
C:\classpath-0.04\java\awt\MenuItem.java
C:\classpath-0.04\java\awt\MenuShortcut.java
C:\classpath-0.04\java\awt\PageAttributes.java
C:\classpath-0.04\java\awt\Paint.java
C:\classpath-0.04\java\awt\PaintContext.java
C:\classpath-0.04\java\awt\Panel.java
C:\classpath-0.04\java\awt\Point.java
C:\classpath-0.04\java\awt\Polygon.java
C:\classpath-0.04\java\awt\PopupMenu.java
C:\classpath-0.04\java\awt\PrintGraphics.java
C:\classpath-0.04\java\awt\PrintJob.java
C:\classpath-0.04\java\awt\Rectangle.java
C:\classpath-0.04\java\awt\RenderingHints.java
C:\classpath-0.04\java\awt\Robot.java
C:\classpath-0.04\java\awt\Scrollbar.java
C:\classpath-0.04\java\awt\ScrollPane.java
C:\classpath-0.04\java\awt\ScrollPaneAdjustable.java
C:\classpath-0.04\java\awt\Shape.java
C:\classpath-0.04\java\awt\Stroke.java
C:\classpath-0.04\java\awt\SystemColor.java
C:\classpath-0.04\java\awt\TextArea.java
C:\classpath-0.04\java\awt\TextComponent.java
C:\classpath-0.04\java\awt\TextField.java
C:\classpath-0.04\java\awt\TexturePaint.java
C:\classpath-0.04\java\awt\Toolkit.java
C:\classpath-0.04\java\awt\Transparency.java
C:\classpath-0.04\java\awt\Window.java
C:\classpath-0.04\java\awt\color\CMMException.java
C:\classpath-0.04\java\awt\color\ColorSpace.java
C:\classpath-0.04\java\awt\color\ICC_ColorSpace.java
C:\classpath-0.04\java\awt\color\ICC_Profile.java
C:\classpath-0.04\java\awt\color\ICC_ProfileGray.java
C:\classpath-0.04\java\awt\color\ICC_ProfileRGB.java
C:\classpath-0.04\java\awt\color\ProfileDataException.java
C:\classpath-0.04\java\awt\datatransfer\Clipboard.java
C:\classpath-0.04\java\awt\datatransfer\ClipboardOwner.java
C:\classpath-0.04\java\awt\datatransfer\DataFlavor.java
C:\classpath-0.04\java\awt\datatransfer\FlavorMap.java
C:\classpath-0.04\java\awt\datatransfer\FlavorTable.java
C:\classpath-0.04\java\awt\datatransfer\MimeTypeParseException.java
C:\classpath-0.04\java\awt\datatransfer\StringSelection.java
C:\classpath-0.04\java\awt\datatransfer\SystemFlavorMap.java
C:\classpath-0.04\java\awt\datatransfer\Transferable.java
C:\classpath-0.04\java\awt\datatransfer\UnsupportedFlavorException.java
C:\classpath-0.04\java\awt\dnd\Autoscroll.java
C:\classpath-0.04\java\awt\dnd\DnDConstants.java
C:\classpath-0.04\java\awt\dnd\DragGestureEvent.java
C:\classpath-0.04\java\awt\dnd\DragGestureListener.java
C:\classpath-0.04\java\awt\dnd\DragGestureRecognizer.java
C:\classpath-0.04\java\awt\dnd\DragSource.java
C:\classpath-0.04\java\awt\dnd\DragSourceAdapter.java
C:\classpath-0.04\java\awt\dnd\DragSourceContext.java
C:\classpath-0.04\java\awt\dnd\DragSourceDragEvent.java
C:\classpath-0.04\java\awt\dnd\DragSourceDropEvent.java
C:\classpath-0.04\java\awt\dnd\DragSourceEvent.java
C:\classpath-0.04\java\awt\dnd\DragSourceListener.java
C:\classpath-0.04\java\awt\dnd\DragSourceMotionListener.java
C:\classpath-0.04\java\awt\dnd\DropTarget.java
C:\classpath-0.04\java\awt\dnd\DropTargetAdapter.java
C:\classpath-0.04\java\awt\dnd\DropTargetContext.java
C:\classpath-0.04\java\awt\dnd\DropTargetDragEvent.java
C:\classpath-0.04\java\awt\dnd\DropTargetDropEvent.java
C:\classpath-0.04\java\awt\dnd\DropTargetEvent.java
C:\classpath-0.04\java\awt\dnd\DropTargetListener.java
C:\classpath-0.04\java\awt\dnd\InvalidDnDOperationException.java
C:\classpath-0.04\java\awt\dnd\MouseDragGestureRecognizer.java
C:\classpath-0.04\java\awt\dnd\peer\DragSourceContextPeer.java
C:\classpath-0.04\java\awt\dnd\peer\DropTargetContextPeer.java
C:\classpath-0.04\java\awt\event\ActionEvent.java
C:\classpath-0.04\java\awt\event\ActionListener.java
C:\classpath-0.04\java\awt\event\AdjustmentEvent.java
C:\classpath-0.04\java\awt\event\AdjustmentListener.java
C:\classpath-0.04\java\awt\event\AWTEventListener.java
C:\classpath-0.04\java\awt\event\AWTEventListenerProxy.java
C:\classpath-0.04\java\awt\event\ComponentAdapter.java
C:\classpath-0.04\java\awt\event\ComponentEvent.java
C:\classpath-0.04\java\awt\event\ComponentListener.java
C:\classpath-0.04\java\awt\event\ContainerAdapter.java
C:\classpath-0.04\java\awt\event\ContainerEvent.java
C:\classpath-0.04\java\awt\event\ContainerListener.java
C:\classpath-0.04\java\awt\event\FocusAdapter.java
C:\classpath-0.04\java\awt\event\FocusEvent.java
C:\classpath-0.04\java\awt\event\FocusListener.java
C:\classpath-0.04\java\awt\event\HierarchyBoundsAdapter.java
C:\classpath-0.04\java\awt\event\HierarchyBoundsListener.java
C:\classpath-0.04\java\awt\event\HierarchyEvent.java
C:\classpath-0.04\java\awt\event\HierarchyListener.java
C:\classpath-0.04\java\awt\event\InputEvent.java
C:\classpath-0.04\java\awt\event\InputMethodEvent.java
C:\classpath-0.04\java\awt\event\InputMethodListener.java
C:\classpath-0.04\java\awt\event\InvocationEvent.java
C:\classpath-0.04\java\awt\event\ItemEvent.java
C:\classpath-0.04\java\awt\event\ItemListener.java
C:\classpath-0.04\java\awt\event\KeyAdapter.java
C:\classpath-0.04\java\awt\event\KeyEvent.java
C:\classpath-0.04\java\awt\event\KeyListener.java
C:\classpath-0.04\java\awt\event\MouseAdapter.java
C:\classpath-0.04\java\awt\event\MouseEvent.java
C:\classpath-0.04\java\awt\event\MouseListener.java
C:\classpath-0.04\java\awt\event\MouseMotionAdapter.java
C:\classpath-0.04\java\awt\event\MouseMotionListener.java
C:\classpath-0.04\java\awt\event\MouseWheelEvent.java
C:\classpath-0.04\java\awt\event\MouseWheelListener.java
C:\classpath-0.04\java\awt\event\PaintEvent.java
C:\classpath-0.04\java\awt\event\TextEvent.java
C:\classpath-0.04\java\awt\event\TextListener.java
C:\classpath-0.04\java\awt\event\WindowAdapter.java
C:\classpath-0.04\java\awt\event\WindowEvent.java
C:\classpath-0.04\java\awt\event\WindowFocusListener.java
C:\classpath-0.04\java\awt\event\WindowListener.java
C:\classpath-0.04\java\awt\event\WindowStateListener.java
C:\classpath-0.04\java\awt\font\TextHitInfo.java
C:\classpath-0.04\java\awt\geom\AffineTransform.java
C:\classpath-0.04\java\awt\geom\Arc2D.java
C:\classpath-0.04\java\awt\geom\Area.java
C:\classpath-0.04\java\awt\geom\CubicCurve2D.java
C:\classpath-0.04\java\awt\geom\Dimension2D.java
C:\classpath-0.04\java\awt\geom\Ellipse2D.java
C:\classpath-0.04\java\awt\geom\FlatteningPathIterator.java
C:\classpath-0.04\java\awt\geom\GeneralPath.java
C:\classpath-0.04\java\awt\geom\IllegalPathStateException.java
C:\classpath-0.04\java\awt\geom\Line2D.java
C:\classpath-0.04\java\awt\geom\NoninvertibleTransformException.java
C:\classpath-0.04\java\awt\geom\PathIterator.java
C:\classpath-0.04\java\awt\geom\Point2D.java
C:\classpath-0.04\java\awt\geom\QuadCurve2D.java
C:\classpath-0.04\java\awt\geom\Rectangle2D.java
C:\classpath-0.04\java\awt\geom\RectangularShape.java
C:\classpath-0.04\java\awt\geom\RoundRectangle2D.java
C:\classpath-0.04\java\awt\im\InputContext.java
C:\classpath-0.04\java\awt\im\InputMethodHighlight.java
C:\classpath-0.04\java\awt\im\InputMethodRequests.java
C:\classpath-0.04\java\awt\im\InputSubset.java
C:\classpath-0.04\java\awt\im\spi\InputMethod.java
C:\classpath-0.04\java\awt\im\spi\InputMethodContext.java
C:\classpath-0.04\java\awt\im\spi\InputMethodDescriptor.java
C:\classpath-0.04\java\awt\image\AreaAveragingScaleFilter.java
C:\classpath-0.04\java\awt\image\BufferedImage.java
C:\classpath-0.04\java\awt\image\BufferedImageOp.java
C:\classpath-0.04\java\awt\image\BufferStrategy.java
C:\classpath-0.04\java\awt\image\ColorModel.java
C:\classpath-0.04\java\awt\image\ComponentColorModel.java
C:\classpath-0.04\java\awt\image\ComponentSampleModel.java
C:\classpath-0.04\java\awt\image\CropImageFilter.java
C:\classpath-0.04\java\awt\image\DataBuffer.java
C:\classpath-0.04\java\awt\image\DataBufferByte.java
C:\classpath-0.04\java\awt\image\DataBufferInt.java
C:\classpath-0.04\java\awt\image\DataBufferUShort.java
C:\classpath-0.04\java\awt\image\DirectColorModel.java
C:\classpath-0.04\java\awt\image\FilteredImageSource.java
C:\classpath-0.04\java\awt\image\ImageConsumer.java
C:\classpath-0.04\java\awt\image\ImageFilter.java
C:\classpath-0.04\java\awt\image\ImageObserver.java
C:\classpath-0.04\java\awt\image\ImageProducer.java
C:\classpath-0.04\java\awt\image\ImagingOpException.java
C:\classpath-0.04\java\awt\image\IndexColorModel.java
C:\classpath-0.04\java\awt\image\MemoryImageSource.java
C:\classpath-0.04\java\awt\image\PackedColorModel.java
C:\classpath-0.04\java\awt\image\PixelGrabber.java
C:\classpath-0.04\java\awt\image\Raster.java
C:\classpath-0.04\java\awt\image\RasterFormatException.java
C:\classpath-0.04\java\awt\image\RasterOp.java
C:\classpath-0.04\java\awt\image\RenderedImage.java
C:\classpath-0.04\java\awt\image\ReplicateScaleFilter.java
C:\classpath-0.04\java\awt\image\RGBImageFilter.java
C:\classpath-0.04\java\awt\image\SampleModel.java
C:\classpath-0.04\java\awt\image\SinglePixelPackedSampleModel.java
C:\classpath-0.04\java\awt\image\TileObserver.java
C:\classpath-0.04\java\awt\image\VolatileImage.java
C:\classpath-0.04\java\awt\image\WritableRaster.java
C:\classpath-0.04\java\awt\image\WritableRenderedImage.java
C:\classpath-0.04\java\awt\image\renderable\ContextualRenderedImageFactory.java
C:\classpath-0.04\java\awt\image\renderable\ParameterBlock.java
C:\classpath-0.04\java\awt\image\renderable\RenderableImage.java
C:\classpath-0.04\java\awt\image\renderable\RenderableImageOp.java
C:\classpath-0.04\java\awt\image\renderable\RenderableImageProducer.java
C:\classpath-0.04\java\awt\image\renderable\RenderContext.java
C:\classpath-0.04\java\awt\image\renderable\RenderedImageFactory.java
C:\classpath-0.04\java\awt\peer\ButtonPeer.java
C:\classpath-0.04\java\awt\peer\CanvasPeer.java
C:\classpath-0.04\java\awt\peer\CheckboxMenuItemPeer.java
C:\classpath-0.04\java\awt\peer\CheckboxPeer.java
C:\classpath-0.04\java\awt\peer\ChoicePeer.java
C:\classpath-0.04\java\awt\peer\ComponentPeer.java
C:\classpath-0.04\java\awt\peer\ContainerPeer.java
C:\classpath-0.04\java\awt\peer\DialogPeer.java
C:\classpath-0.04\java\awt\peer\FileDialogPeer.java
C:\classpath-0.04\java\awt\peer\FontPeer.java
C:\classpath-0.04\java\awt\peer\FramePeer.java
C:\classpath-0.04\java\awt\peer\LabelPeer.java
C:\classpath-0.04\java\awt\peer\LightweightPeer.java
C:\classpath-0.04\java\awt\peer\ListPeer.java
C:\classpath-0.04\java\awt\peer\MenuBarPeer.java
C:\classpath-0.04\java\awt\peer\MenuComponentPeer.java
C:\classpath-0.04\java\awt\peer\MenuItemPeer.java
C:\classpath-0.04\java\awt\peer\MenuPeer.java
C:\classpath-0.04\java\awt\peer\PanelPeer.java
C:\classpath-0.04\java\awt\peer\PopupMenuPeer.java
C:\classpath-0.04\java\awt\peer\ScrollbarPeer.java
C:\classpath-0.04\java\awt\peer\ScrollPanePeer.java
C:\classpath-0.04\java\awt\peer\TextAreaPeer.java
C:\classpath-0.04\java\awt\peer\TextComponentPeer.java
C:\classpath-0.04\java\awt\peer\TextFieldPeer.java
C:\classpath-0.04\java\awt\peer\WindowPeer.java
C:\classpath-0.04\java\awt\print\Book.java
C:\classpath-0.04\java\awt\print\Pageable.java
C:\classpath-0.04\java\awt\print\PageFormat.java
C:\classpath-0.04\java\awt\print\Paper.java
C:\classpath-0.04\java\awt\print\Printable.java
C:\classpath-0.04\java\awt\print\PrinterAbortException.java
C:\classpath-0.04\java\awt\print\PrinterException.java
C:\classpath-0.04\java\awt\print\PrinterGraphics.java
C:\classpath-0.04\java\awt\print\PrinterIOException.java
C:\classpath-0.04\java\awt\print\PrinterJob.java
C:\classpath-0.04\java\beans\AppletInitializer.java
C:\classpath-0.04\java\beans\BeanDescriptor.java
C:\classpath-0.04\java\beans\BeanInfo.java
C:\classpath-0.04\java\beans\Beans.java
C:\classpath-0.04\java\beans\Customizer.java
C:\classpath-0.04\java\beans\DesignMode.java
C:\classpath-0.04\java\beans\EventSetDescriptor.java
C:\classpath-0.04\java\beans\ExceptionListener.java
C:\classpath-0.04\java\beans\FeatureDescriptor.java
C:\classpath-0.04\java\beans\IndexedPropertyDescriptor.java
C:\classpath-0.04\java\beans\IntrospectionException.java
C:\classpath-0.04\java\beans\Introspector.java
C:\classpath-0.04\java\beans\MethodDescriptor.java
C:\classpath-0.04\java\beans\ParameterDescriptor.java
C:\classpath-0.04\java\beans\PropertyChangeEvent.java
C:\classpath-0.04\java\beans\PropertyChangeListener.java
C:\classpath-0.04\java\beans\PropertyChangeListenerProxy.java
C:\classpath-0.04\java\beans\PropertyChangeSupport.java
C:\classpath-0.04\java\beans\PropertyDescriptor.java
C:\classpath-0.04\java\beans\PropertyEditor.java
C:\classpath-0.04\java\beans\PropertyEditorManager.java
C:\classpath-0.04\java\beans\PropertyEditorSupport.java
C:\classpath-0.04\java\beans\PropertyVetoException.java
C:\classpath-0.04\java\beans\SimpleBeanInfo.java
C:\classpath-0.04\java\beans\VetoableChangeListener.java
C:\classpath-0.04\java\beans\VetoableChangeListenerProxy.java
C:\classpath-0.04\java\beans\VetoableChangeSupport.java
C:\classpath-0.04\java\beans\Visibility.java
C:\classpath-0.04\java\beans\beancontext\BeanContext.java
C:\classpath-0.04\java\beans\beancontext\BeanContextChild.java
C:\classpath-0.04\java\beans\beancontext\BeanContextChildComponentProxy.java
C:\classpath-0.04\java\beans\beancontext\BeanContextChildSupport.java
C:\classpath-0.04\java\beans\beancontext\BeanContextContainerProxy.java
C:\classpath-0.04\java\beans\beancontext\BeanContextEvent.java
C:\classpath-0.04\java\beans\beancontext\BeanContextMembershipEvent.java
C:\classpath-0.04\java\beans\beancontext\BeanContextMembershipListener.java
C:\classpath-0.04\java\beans\beancontext\BeanContextProxy.java
C:\classpath-0.04\java\beans\beancontext\BeanContextServiceAvailableEvent.java
C:\classpath-0.04\java\beans\beancontext\BeanContextServiceProvider.java
C:\classpath-0.04\java\beans\beancontext\BeanContextServiceProviderBeanInfo.java
C:\classpath-0.04\java\beans\beancontext\BeanContextServiceRevokedEvent.java
C:\classpath-0.04\java\beans\beancontext\BeanContextServiceRevokedListener.java
C:\classpath-0.04\java\beans\beancontext\BeanContextServices.java
C:\classpath-0.04\java\beans\beancontext\BeanContextServicesListener.java
C:\classpath-0.04\java\io\BufferedInputStream.java
C:\classpath-0.04\java\io\BufferedOutputStream.java
C:\classpath-0.04\java\io\BufferedReader.java
C:\classpath-0.04\java\io\BufferedWriter.java
C:\classpath-0.04\java\io\ByteArrayInputStream.java
C:\classpath-0.04\java\io\ByteArrayOutputStream.java
C:\classpath-0.04\java\io\CharArrayReader.java
C:\classpath-0.04\java\io\CharArrayWriter.java
C:\classpath-0.04\java\io\CharConversionException.java
C:\classpath-0.04\java\io\DataInput.java
C:\classpath-0.04\java\io\DataInputStream.java
C:\classpath-0.04\java\io\DataOutput.java
C:\classpath-0.04\java\io\DataOutputStream.java
C:\classpath-0.04\java\io\EOFException.java
C:\classpath-0.04\java\io\Externalizable.java
C:\classpath-0.04\java\io\File.java
C:\classpath-0.04\java\io\FileFilter.java
C:\classpath-0.04\java\io\FilenameFilter.java
C:\classpath-0.04\java\io\FileNotFoundException.java
C:\classpath-0.04\java\io\FilePermission.java
C:\classpath-0.04\java\io\FileReader.java
C:\classpath-0.04\java\io\FileWriter.java
C:\classpath-0.04\java\io\FilterInputStream.java
C:\classpath-0.04\java\io\FilterOutputStream.java
C:\classpath-0.04\java\io\FilterReader.java
C:\classpath-0.04\java\io\FilterWriter.java
C:\classpath-0.04\java\io\InputStream.java
C:\classpath-0.04\java\io\InputStreamReader.java
C:\classpath-0.04\java\io\InterruptedIOException.java
C:\classpath-0.04\java\io\InvalidClassException.java
C:\classpath-0.04\java\io\InvalidObjectException.java
C:\classpath-0.04\java\io\IOException.java
C:\classpath-0.04\java\io\LineNumberInputStream.java
C:\classpath-0.04\java\io\LineNumberReader.java
C:\classpath-0.04\java\io\NotActiveException.java
C:\classpath-0.04\java\io\NotSerializableException.java
C:\classpath-0.04\java\io\ObjectInput.java
C:\classpath-0.04\java\io\ObjectInputStream.java
C:\classpath-0.04\java\io\ObjectInputValidation.java
C:\classpath-0.04\java\io\ObjectOutput.java
C:\classpath-0.04\java\io\ObjectOutputStream.java
C:\classpath-0.04\java\io\ObjectStreamClass.java
C:\classpath-0.04\java\io\ObjectStreamConstants.java
C:\classpath-0.04\java\io\ObjectStreamException.java
C:\classpath-0.04\java\io\ObjectStreamField.java
C:\classpath-0.04\java\io\OptionalDataException.java
C:\classpath-0.04\java\io\OutputStream.java
C:\classpath-0.04\java\io\OutputStreamWriter.java
C:\classpath-0.04\java\io\PipedInputStream.java
C:\classpath-0.04\java\io\PipedOutputStream.java
C:\classpath-0.04\java\io\PipedReader.java
C:\classpath-0.04\java\io\PipedWriter.java
C:\classpath-0.04\java\io\PrintStream.java
C:\classpath-0.04\java\io\PrintWriter.java
C:\classpath-0.04\java\io\PushbackInputStream.java
C:\classpath-0.04\java\io\PushbackReader.java
C:\classpath-0.04\java\io\Reader.java
C:\classpath-0.04\java\io\SequenceInputStream.java
C:\classpath-0.04\java\io\Serializable.java
C:\classpath-0.04\java\io\SerializablePermission.java
C:\classpath-0.04\java\io\StreamCorruptedException.java
C:\classpath-0.04\java\io\StreamTokenizer.java
C:\classpath-0.04\java\io\StringBufferInputStream.java
C:\classpath-0.04\java\io\StringReader.java
C:\classpath-0.04\java\io\StringWriter.java
C:\classpath-0.04\java\io\SyncFailedException.java
C:\classpath-0.04\java\io\UnsupportedEncodingException.java
C:\classpath-0.04\java\io\UTFDataFormatException.java
C:\classpath-0.04\java\io\WriteAbortedException.java
C:\classpath-0.04\java\io\Writer.java
C:\classpath-0.04\java\lang\AbstractMethodError.java
C:\classpath-0.04\java\lang\ArithmeticException.java
C:\classpath-0.04\java\lang\ArrayIndexOutOfBoundsException.java
C:\classpath-0.04\java\lang\ArrayStoreException.java
C:\classpath-0.04\java\lang\AssertionError.java
C:\classpath-0.04\java\lang\Boolean.java
C:\classpath-0.04\java\lang\Byte.java
C:\classpath-0.04\java\lang\Character.java
C:\classpath-0.04\java\lang\CharSequence.java
C:\classpath-0.04\java\lang\ClassCastException.java
C:\classpath-0.04\java\lang\ClassCircularityError.java
C:\classpath-0.04\java\lang\ClassFormatError.java
C:\classpath-0.04\java\lang\ClassLoader.java
C:\classpath-0.04\java\lang\ClassNotFoundException.java
C:\classpath-0.04\java\lang\Cloneable.java
C:\classpath-0.04\java\lang\CloneNotSupportedException.java
C:\classpath-0.04\java\lang\Comparable.java
C:\classpath-0.04\java\lang\Compiler.java
C:\classpath-0.04\java\lang\Double.java
C:\classpath-0.04\java\lang\Error.java
C:\classpath-0.04\java\lang\Exception.java
C:\classpath-0.04\java\lang\ExceptionInInitializerError.java
C:\classpath-0.04\java\lang\Float.java
C:\classpath-0.04\java\lang\IllegalAccessError.java
C:\classpath-0.04\java\lang\IllegalAccessException.java
C:\classpath-0.04\java\lang\IllegalArgumentException.java
C:\classpath-0.04\java\lang\IllegalMonitorStateException.java
C:\classpath-0.04\java\lang\IllegalStateException.java
C:\classpath-0.04\java\lang\IllegalThreadStateException.java
C:\classpath-0.04\java\lang\IncompatibleClassChangeError.java
C:\classpath-0.04\java\lang\IndexOutOfBoundsException.java
C:\classpath-0.04\java\lang\InheritableThreadLocal.java
C:\classpath-0.04\java\lang\InstantiationError.java
C:\classpath-0.04\java\lang\InstantiationException.java
C:\classpath-0.04\java\lang\Integer.java
C:\classpath-0.04\java\lang\InternalError.java
C:\classpath-0.04\java\lang\InterruptedException.java
C:\classpath-0.04\java\lang\LinkageError.java
C:\classpath-0.04\java\lang\Long.java
C:\classpath-0.04\java\lang\Math.java
C:\classpath-0.04\java\lang\NegativeArraySizeException.java
C:\classpath-0.04\java\lang\NoClassDefFoundError.java
C:\classpath-0.04\java\lang\NoSuchFieldError.java
C:\classpath-0.04\java\lang\NoSuchFieldException.java
C:\classpath-0.04\java\lang\NoSuchMethodError.java
C:\classpath-0.04\java\lang\NoSuchMethodException.java
C:\classpath-0.04\java\lang\NullPointerException.java
C:\classpath-0.04\java\lang\Number.java
C:\classpath-0.04\java\lang\NumberFormatException.java
C:\classpath-0.04\java\lang\Object.java
C:\classpath-0.04\java\lang\OutOfMemoryError.java
C:\classpath-0.04\java\lang\Package.java
C:\classpath-0.04\java\lang\Process.java
C:\classpath-0.04\java\lang\Runnable.java
C:\classpath-0.04\java\lang\RuntimeException.java
C:\classpath-0.04\java\lang\RuntimePermission.java
C:\classpath-0.04\java\lang\SecurityException.java
C:\classpath-0.04\java\lang\SecurityManager.java
C:\classpath-0.04\java\lang\Short.java
C:\classpath-0.04\java\lang\StackOverflowError.java
C:\classpath-0.04\java\lang\StackTraceElement.java
C:\classpath-0.04\java\lang\StrictMath.java
C:\classpath-0.04\java\lang\String.java
C:\classpath-0.04\java\lang\StringBuffer.java
C:\classpath-0.04\java\lang\StringIndexOutOfBoundsException.java
C:\classpath-0.04\java\lang\System.java
C:\classpath-0.04\java\lang\ThreadDeath.java
C:\classpath-0.04\java\lang\ThreadGroup.java
C:\classpath-0.04\java\lang\ThreadLocal.java
C:\classpath-0.04\java\lang\Throwable.java
C:\classpath-0.04\java\lang\UnknownError.java
C:\classpath-0.04\java\lang\UnsatisfiedLinkError.java
C:\classpath-0.04\java\lang\UnsupportedClassVersionError.java
C:\classpath-0.04\java\lang\UnsupportedOperationException.java
C:\classpath-0.04\java\lang\VerifyError.java
C:\classpath-0.04\java\lang\VirtualMachineError.java
C:\classpath-0.04\java\lang\Void.java
C:\classpath-0.04\java\lang\ref\PhantomReference.java
C:\classpath-0.04\java\lang\ref\Reference.java
C:\classpath-0.04\java\lang\ref\ReferenceQueue.java
C:\classpath-0.04\java\lang\ref\SoftReference.java
C:\classpath-0.04\java\lang\ref\WeakReference.java
C:\classpath-0.04\java\lang\reflect\AccessibleObject.java
C:\classpath-0.04\java\lang\reflect\Array.java
C:\classpath-0.04\java\lang\reflect\InvocationHandler.java
C:\classpath-0.04\java\lang\reflect\InvocationTargetException.java
C:\classpath-0.04\java\lang\reflect\Member.java
C:\classpath-0.04\java\lang\reflect\Modifier.java
C:\classpath-0.04\java\lang\reflect\Proxy.java
C:\classpath-0.04\java\lang\reflect\ReflectPermission.java
C:\classpath-0.04\java\lang\reflect\UndeclaredThrowableException.java
C:\classpath-0.04\java\math\BigDecimal.java
C:\classpath-0.04\java\math\BigInteger.java
C:\classpath-0.04\java\net\Authenticator.java
C:\classpath-0.04\java\net\BindException.java
C:\classpath-0.04\java\net\ConnectException.java
C:\classpath-0.04\java\net\ContentHandler.java
C:\classpath-0.04\java\net\ContentHandlerFactory.java
C:\classpath-0.04\java\net\DatagramPacket.java
C:\classpath-0.04\java\net\DatagramSocket.java
C:\classpath-0.04\java\net\DatagramSocketImpl.java
C:\classpath-0.04\java\net\DatagramSocketImplFactory.java
C:\classpath-0.04\java\net\FileNameMap.java
C:\classpath-0.04\java\net\HttpURLConnection.java
C:\classpath-0.04\java\net\Inet4Address.java
C:\classpath-0.04\java\net\Inet6Address.java
C:\classpath-0.04\java\net\InetAddress.java
C:\classpath-0.04\java\net\InetSocketAddress.java
C:\classpath-0.04\java\net\JarURLConnection.java
C:\classpath-0.04\java\net\MalformedURLException.java
C:\classpath-0.04\java\net\MimeTypeMapper.java
C:\classpath-0.04\java\net\MulticastSocket.java
C:\classpath-0.04\java\net\NetPermission.java
C:\classpath-0.04\java\net\NetworkInterface.java
C:\classpath-0.04\java\net\NoRouteToHostException.java
C:\classpath-0.04\java\net\PasswordAuthentication.java
C:\classpath-0.04\java\net\PortUnreachableException.java
C:\classpath-0.04\java\net\ProtocolException.java
C:\classpath-0.04\java\net\ServerSocket.java
C:\classpath-0.04\java\net\Socket.java
C:\classpath-0.04\java\net\SocketAddress.java
C:\classpath-0.04\java\net\SocketException.java
C:\classpath-0.04\java\net\SocketImpl.java
C:\classpath-0.04\java\net\SocketImplFactory.java
C:\classpath-0.04\java\net\SocketInputStream.java
C:\classpath-0.04\java\net\SocketOptions.java
C:\classpath-0.04\java\net\SocketOutputStream.java
C:\classpath-0.04\java\net\SocketPermission.java
C:\classpath-0.04\java\net\SocketTimeoutException.java
C:\classpath-0.04\java\net\UnknownHostException.java
C:\classpath-0.04\java\net\UnknownServiceException.java
C:\classpath-0.04\java\net\URI.java
C:\classpath-0.04\java\net\URISyntaxException.java
C:\classpath-0.04\java\net\URL.java
C:\classpath-0.04\java\net\URLClassLoader.java
C:\classpath-0.04\java\net\URLConnection.java
C:\classpath-0.04\java\net\URLDecoder.java
C:\classpath-0.04\java\net\URLEncoder.java
C:\classpath-0.04\java\net\URLStreamHandler.java
C:\classpath-0.04\java\net\URLStreamHandlerFactory.java
C:\classpath-0.04\java\nio\Buffer.java
C:\classpath-0.04\java\nio\BufferOverflowException.java
C:\classpath-0.04\java\nio\BufferUnderflowException.java
C:\classpath-0.04\java\nio\ByteBuffer.java
C:\classpath-0.04\java\nio\ByteOrder.java
C:\classpath-0.04\java\nio\CharBuffer.java
C:\classpath-0.04\java\nio\DoubleBuffer.java
C:\classpath-0.04\java\nio\FloatBuffer.java
C:\classpath-0.04\java\nio\IntBuffer.java
C:\classpath-0.04\java\nio\InvalidMarkException.java
C:\classpath-0.04\java\nio\LongBuffer.java
C:\classpath-0.04\java\nio\MappedByteBuffer.java
C:\classpath-0.04\java\nio\ReadOnlyBufferException.java
C:\classpath-0.04\java\nio\ShortBuffer.java
C:\classpath-0.04\java\nio\channels\AlreadyConnectedException.java
C:\classpath-0.04\java\nio\channels\AsynchronousCloseException.java
C:\classpath-0.04\java\nio\channels\ByteChannel.java
C:\classpath-0.04\java\nio\channels\CancelledKeyException.java
C:\classpath-0.04\java\nio\channels\Channel.java
C:\classpath-0.04\java\nio\channels\Channels.java
C:\classpath-0.04\java\nio\channels\ClosedByInterruptException.java
C:\classpath-0.04\java\nio\channels\ClosedChannelException.java
C:\classpath-0.04\java\nio\channels\ClosedSelectorException.java
C:\classpath-0.04\java\nio\channels\ConnectionPendingException.java
C:\classpath-0.04\java\nio\channels\DatagramChannel.java
C:\classpath-0.04\java\nio\channels\FileChannel.java
C:\classpath-0.04\java\nio\channels\FileLock.java
C:\classpath-0.04\java\nio\channels\FileLockInterruptionException.java
C:\classpath-0.04\java\nio\channels\GatheringByteChannel.java
C:\classpath-0.04\java\nio\channels\IllegalBlockingModeException.java
C:\classpath-0.04\java\nio\channels\IllegalSelectorException.java
C:\classpath-0.04\java\nio\channels\InterruptibleChannel.java
C:\classpath-0.04\java\nio\channels\NoConnectionPendingException.java
C:\classpath-0.04\java\nio\channels\NonReadableChannelException.java
C:\classpath-0.04\java\nio\channels\NonWritableChannelException.java
C:\classpath-0.04\java\nio\channels\NotYetBoundException.java
C:\classpath-0.04\java\nio\channels\NotYetConnectedException.java
C:\classpath-0.04\java\nio\channels\OverlappingFileLockException.java
C:\classpath-0.04\java\nio\channels\Pipe.java
C:\classpath-0.04\java\nio\channels\ReadableByteChannel.java
C:\classpath-0.04\java\nio\channels\ScatteringByteChannel.java
C:\classpath-0.04\java\nio\channels\SelectableChannel.java
C:\classpath-0.04\java\nio\channels\SelectionKey.java
C:\classpath-0.04\java\nio\channels\Selector.java
C:\classpath-0.04\java\nio\channels\ServerSocketChannel.java
C:\classpath-0.04\java\nio\channels\SocketChannel.java
C:\classpath-0.04\java\nio\channels\UnresolvedAddressException.java
C:\classpath-0.04\java\nio\channels\UnsupportedAddressTypeException.java
C:\classpath-0.04\java\nio\channels\WritableByteChannel.java
C:\classpath-0.04\java\nio\channels\spi\AbstractInterruptibleChannel.java
C:\classpath-0.04\java\nio\channels\spi\AbstractSelectableChannel.java
C:\classpath-0.04\java\nio\channels\spi\AbstractSelectionKey.java
C:\classpath-0.04\java\nio\channels\spi\AbstractSelector.java
C:\classpath-0.04\java\nio\channels\spi\SelectorProvider.java
C:\classpath-0.04\java\nio\charset\CharacterCodingException.java
C:\classpath-0.04\java\nio\charset\Charset.java
C:\classpath-0.04\java\nio\charset\CharsetDecoder.java
C:\classpath-0.04\java\nio\charset\CharsetEncoder.java
C:\classpath-0.04\java\nio\charset\CoderMalfunctionError.java
C:\classpath-0.04\java\nio\charset\CoderResult.java
C:\classpath-0.04\java\nio\charset\CodingErrorAction.java
C:\classpath-0.04\java\nio\charset\IllegalCharsetNameException.java
C:\classpath-0.04\java\nio\charset\MalformedInputException.java
C:\classpath-0.04\java\nio\charset\UnmappableCharacterException.java
C:\classpath-0.04\java\nio\charset\UnsupportedCharsetException.java
C:\classpath-0.04\java\nio\charset\spi\CharsetProvider.java
C:\classpath-0.04\java\rmi\AccessException.java
C:\classpath-0.04\java\rmi\AlreadyBoundException.java
C:\classpath-0.04\java\rmi\ConnectException.java
C:\classpath-0.04\java\rmi\ConnectIOException.java
C:\classpath-0.04\java\rmi\MarshalException.java
C:\classpath-0.04\java\rmi\MarshalledObject.java
C:\classpath-0.04\java\rmi\Naming.java
C:\classpath-0.04\java\rmi\NoSuchObjectException.java
C:\classpath-0.04\java\rmi\NotBoundException.java
C:\classpath-0.04\java\rmi\Remote.java
C:\classpath-0.04\java\rmi\RemoteException.java
C:\classpath-0.04\java\rmi\RMISecurityException.java
C:\classpath-0.04\java\rmi\RMISecurityManager.java
C:\classpath-0.04\java\rmi\ServerError.java
C:\classpath-0.04\java\rmi\ServerException.java
C:\classpath-0.04\java\rmi\ServerRuntimeException.java
C:\classpath-0.04\java\rmi\StubNotFoundException.java
C:\classpath-0.04\java\rmi\UnexpectedException.java
C:\classpath-0.04\java\rmi\UnknownHostException.java
C:\classpath-0.04\java\rmi\UnmarshalException.java
C:\classpath-0.04\java\rmi\activation\Activatable.java
C:\classpath-0.04\java\rmi\activation\ActivateFailedException.java
C:\classpath-0.04\java\rmi\activation\ActivationDesc.java
C:\classpath-0.04\java\rmi\activation\ActivationException.java
C:\classpath-0.04\java\rmi\activation\ActivationGroup.java
C:\classpath-0.04\java\rmi\activation\ActivationGroupDesc.java
C:\classpath-0.04\java\rmi\activation\ActivationGroupID.java
C:\classpath-0.04\java\rmi\activation\ActivationID.java
C:\classpath-0.04\java\rmi\activation\ActivationInstantiator.java
C:\classpath-0.04\java\rmi\activation\ActivationMonitor.java
C:\classpath-0.04\java\rmi\activation\ActivationSystem.java
C:\classpath-0.04\java\rmi\activation\Activator.java
C:\classpath-0.04\java\rmi\activation\UnknownGroupException.java
C:\classpath-0.04\java\rmi\activation\UnknownObjectException.java
C:\classpath-0.04\java\rmi\dgc\DGC.java
C:\classpath-0.04\java\rmi\dgc\Lease.java
C:\classpath-0.04\java\rmi\dgc\VMID.java
C:\classpath-0.04\java\rmi\registry\LocateRegistry.java
C:\classpath-0.04\java\rmi\registry\Registry.java
C:\classpath-0.04\java\rmi\registry\RegistryHandler.java
C:\classpath-0.04\java\rmi\server\ExportException.java
C:\classpath-0.04\java\rmi\server\LoaderHandler.java
C:\classpath-0.04\java\rmi\server\LogStream.java
C:\classpath-0.04\java\rmi\server\ObjID.java
C:\classpath-0.04\java\rmi\server\Operation.java
C:\classpath-0.04\java\rmi\server\RemoteCall.java
C:\classpath-0.04\java\rmi\server\RemoteObject.java
C:\classpath-0.04\java\rmi\server\RemoteRef.java
C:\classpath-0.04\java\rmi\server\RemoteServer.java
C:\classpath-0.04\java\rmi\server\RemoteStub.java
C:\classpath-0.04\java\rmi\server\RMIClassLoader.java
C:\classpath-0.04\java\rmi\server\RMIClassLoaderSpi.java
C:\classpath-0.04\java\rmi\server\RMIClientSocketFactory.java
C:\classpath-0.04\java\rmi\server\RMIFailureHandler.java
C:\classpath-0.04\java\rmi\server\RMIServerSocketFactory.java
C:\classpath-0.04\java\rmi\server\RMISocketFactory.java
C:\classpath-0.04\java\rmi\server\ServerCloneException.java
C:\classpath-0.04\java\rmi\server\ServerNotActiveException.java
C:\classpath-0.04\java\rmi\server\ServerRef.java
C:\classpath-0.04\java\rmi\server\Skeleton.java
C:\classpath-0.04\java\rmi\server\SkeletonMismatchException.java
C:\classpath-0.04\java\rmi\server\SkeletonNotFoundException.java
C:\classpath-0.04\java\rmi\server\SocketSecurityException.java
C:\classpath-0.04\java\rmi\server\UID.java
C:\classpath-0.04\java\rmi\server\UnicastRemoteObject.java
C:\classpath-0.04\java\rmi\server\Unreferenced.java
C:\classpath-0.04\java\security\AccessControlContext.java
C:\classpath-0.04\java\security\AccessControlException.java
C:\classpath-0.04\java\security\AccessController.java
C:\classpath-0.04\java\security\AlgorithmParameterGenerator.java
C:\classpath-0.04\java\security\AlgorithmParameterGeneratorSpi.java
C:\classpath-0.04\java\security\AlgorithmParameters.java
C:\classpath-0.04\java\security\AlgorithmParametersSpi.java
C:\classpath-0.04\java\security\AllPermission.java
C:\classpath-0.04\java\security\BasicPermission.java
C:\classpath-0.04\java\security\Certificate.java
C:\classpath-0.04\java\security\CodeSource.java
C:\classpath-0.04\java\security\DigestException.java
C:\classpath-0.04\java\security\DigestInputStream.java
C:\classpath-0.04\java\security\DigestOutputStream.java
C:\classpath-0.04\java\security\DomainCombiner.java
C:\classpath-0.04\java\security\DummyKeyPairGenerator.java
C:\classpath-0.04\java\security\DummyMessageDigest.java
C:\classpath-0.04\java\security\DummySignature.java
C:\classpath-0.04\java\security\GeneralSecurityException.java
C:\classpath-0.04\java\security\Guard.java
C:\classpath-0.04\java\security\GuardedObject.java
C:\classpath-0.04\java\security\Identity.java
C:\classpath-0.04\java\security\IdentityScope.java
C:\classpath-0.04\java\security\InvalidAlgorithmParameterException.java
C:\classpath-0.04\java\security\InvalidKeyException.java
C:\classpath-0.04\java\security\InvalidParameterException.java
C:\classpath-0.04\java\security\Key.java
C:\classpath-0.04\java\security\KeyException.java
C:\classpath-0.04\java\security\KeyFactory.java
C:\classpath-0.04\java\security\KeyFactorySpi.java
C:\classpath-0.04\java\security\KeyManagementException.java
C:\classpath-0.04\java\security\KeyPair.java
C:\classpath-0.04\java\security\KeyPairGenerator.java
C:\classpath-0.04\java\security\KeyPairGeneratorSpi.java
C:\classpath-0.04\java\security\KeyStore.java
C:\classpath-0.04\java\security\KeyStoreException.java
C:\classpath-0.04\java\security\KeyStoreSpi.java
C:\classpath-0.04\java\security\MessageDigest.java
C:\classpath-0.04\java\security\MessageDigestSpi.java
C:\classpath-0.04\java\security\NoSuchAlgorithmException.java
C:\classpath-0.04\java\security\NoSuchProviderException.java
C:\classpath-0.04\java\security\Permission.java
C:\classpath-0.04\java\security\PermissionCollection.java
C:\classpath-0.04\java\security\Permissions.java
C:\classpath-0.04\java\security\Policy.java
C:\classpath-0.04\java\security\Principal.java
C:\classpath-0.04\java\security\PrivateKey.java
C:\classpath-0.04\java\security\PrivilegedAction.java
C:\classpath-0.04\java\security\PrivilegedActionException.java
C:\classpath-0.04\java\security\PrivilegedExceptionAction.java
C:\classpath-0.04\java\security\ProtectionDomain.java
C:\classpath-0.04\java\security\Provider.java
C:\classpath-0.04\java\security\ProviderException.java
C:\classpath-0.04\java\security\PublicKey.java
C:\classpath-0.04\java\security\SecureClassLoader.java
C:\classpath-0.04\java\security\SecureRandom.java
C:\classpath-0.04\java\security\SecureRandomSpi.java
C:\classpath-0.04\java\security\Security.java
C:\classpath-0.04\java\security\SecurityPermission.java
C:\classpath-0.04\java\security\Signature.java
C:\classpath-0.04\java\security\SignatureException.java
C:\classpath-0.04\java\security\SignatureSpi.java
C:\classpath-0.04\java\security\SignedObject.java
C:\classpath-0.04\java\security\Signer.java
C:\classpath-0.04\java\security\UnrecoverableKeyException.java
C:\classpath-0.04\java\security\UnresolvedPermission.java
C:\classpath-0.04\java\security\acl\Acl.java
C:\classpath-0.04\java\security\acl\AclEntry.java
C:\classpath-0.04\java\security\acl\AclNotFoundException.java
C:\classpath-0.04\java\security\acl\Group.java
C:\classpath-0.04\java\security\acl\LastOwnerException.java
C:\classpath-0.04\java\security\acl\NotOwnerException.java
C:\classpath-0.04\java\security\acl\Owner.java
C:\classpath-0.04\java\security\acl\Permission.java
C:\classpath-0.04\java\security\cert\Certificate.java
C:\classpath-0.04\java\security\cert\CertificateEncodingException.java
C:\classpath-0.04\java\security\cert\CertificateException.java
C:\classpath-0.04\java\security\cert\CertificateExpiredException.java
C:\classpath-0.04\java\security\cert\CertificateFactory.java
C:\classpath-0.04\java\security\cert\CertificateFactorySpi.java
C:\classpath-0.04\java\security\cert\CertificateNotYetValidException.java
C:\classpath-0.04\java\security\cert\CertificateParsingException.java
C:\classpath-0.04\java\security\cert\CertPath.java
C:\classpath-0.04\java\security\cert\CertPathBuilderException.java
C:\classpath-0.04\java\security\cert\CertPathValidatorException.java
C:\classpath-0.04\java\security\cert\CertStoreException.java
C:\classpath-0.04\java\security\cert\CRL.java
C:\classpath-0.04\java\security\cert\CRLException.java
C:\classpath-0.04\java\security\cert\X509Certificate.java
C:\classpath-0.04\java\security\cert\X509CRL.java
C:\classpath-0.04\java\security\cert\X509CRLEntry.java
C:\classpath-0.04\java\security\cert\X509Extension.java
C:\classpath-0.04\java\security\interfaces\DSAKey.java
C:\classpath-0.04\java\security\interfaces\DSAKeyPairGenerator.java
C:\classpath-0.04\java\security\interfaces\DSAParams.java
C:\classpath-0.04\java\security\interfaces\DSAPrivateKey.java
C:\classpath-0.04\java\security\interfaces\DSAPublicKey.java
C:\classpath-0.04\java\security\interfaces\RSAKey.java
C:\classpath-0.04\java\security\interfaces\RSAPrivateCrtKey.java
C:\classpath-0.04\java\security\interfaces\RSAPrivateKey.java
C:\classpath-0.04\java\security\interfaces\RSAPublicKey.java
C:\classpath-0.04\java\security\spec\AlgorithmParameterSpec.java
C:\classpath-0.04\java\security\spec\DSAParameterSpec.java
C:\classpath-0.04\java\security\spec\DSAPrivateKeySpec.java
C:\classpath-0.04\java\security\spec\DSAPublicKeySpec.java
C:\classpath-0.04\java\security\spec\EncodedKeySpec.java
C:\classpath-0.04\java\security\spec\InvalidKeySpecException.java
C:\classpath-0.04\java\security\spec\InvalidParameterSpecException.java
C:\classpath-0.04\java\security\spec\KeySpec.java
C:\classpath-0.04\java\security\spec\PKCS8EncodedKeySpec.java
C:\classpath-0.04\java\security\spec\RSAKeyGenParameterSpec.java
C:\classpath-0.04\java\security\spec\RSAPrivateCrtKeySpec.java
C:\classpath-0.04\java\security\spec\RSAPrivateKeySpec.java
C:\classpath-0.04\java\security\spec\RSAPublicKeySpec.java
C:\classpath-0.04\java\security\spec\X509EncodedKeySpec.java
C:\classpath-0.04\java\sql\Array.java
C:\classpath-0.04\java\sql\BatchUpdateException.java
C:\classpath-0.04\java\sql\Blob.java
C:\classpath-0.04\java\sql\CallableStatement.java
C:\classpath-0.04\java\sql\Clob.java
C:\classpath-0.04\java\sql\Connection.java
C:\classpath-0.04\java\sql\DatabaseMetaData.java
C:\classpath-0.04\java\sql\DataTruncation.java
C:\classpath-0.04\java\sql\Date.java
C:\classpath-0.04\java\sql\Driver.java
C:\classpath-0.04\java\sql\DriverManager.java
C:\classpath-0.04\java\sql\DriverPropertyInfo.java
C:\classpath-0.04\java\sql\ParameterMetaData.java
C:\classpath-0.04\java\sql\PreparedStatement.java
C:\classpath-0.04\java\sql\Ref.java
C:\classpath-0.04\java\sql\ResultSet.java
C:\classpath-0.04\java\sql\ResultSetMetaData.java
C:\classpath-0.04\java\sql\Savepoint.java
C:\classpath-0.04\java\sql\SQLData.java
C:\classpath-0.04\java\sql\SQLException.java
C:\classpath-0.04\java\sql\SQLInput.java
C:\classpath-0.04\java\sql\SQLOutput.java
C:\classpath-0.04\java\sql\SQLPermission.java
C:\classpath-0.04\java\sql\SQLWarning.java
C:\classpath-0.04\java\sql\Statement.java
C:\classpath-0.04\java\sql\Struct.java
C:\classpath-0.04\java\sql\Time.java
C:\classpath-0.04\java\sql\Timestamp.java
C:\classpath-0.04\java\sql\Types.java
C:\classpath-0.04\java\text\Annotation.java
C:\classpath-0.04\java\text\AttributedCharacterIterator.java
C:\classpath-0.04\java\text\AttributedString.java
C:\classpath-0.04\java\text\AttributedStringIterator.java
C:\classpath-0.04\java\text\BreakIterator.java
C:\classpath-0.04\java\text\CharacterIterator.java
C:\classpath-0.04\java\text\ChoiceFormat.java
C:\classpath-0.04\java\text\CollationElementIterator.java
C:\classpath-0.04\java\text\CollationKey.java
C:\classpath-0.04\java\text\Collator.java
C:\classpath-0.04\java\text\DateFormat.java
C:\classpath-0.04\java\text\DateFormatSymbols.java
C:\classpath-0.04\java\text\DecimalFormat.java
C:\classpath-0.04\java\text\DecimalFormatSymbols.java
C:\classpath-0.04\java\text\FieldPosition.java
C:\classpath-0.04\java\text\Format.java
C:\classpath-0.04\java\text\MessageFormat.java
C:\classpath-0.04\java\text\NumberFormat.java
C:\classpath-0.04\java\text\ParseException.java
C:\classpath-0.04\java\text\ParsePosition.java
C:\classpath-0.04\java\text\RuleBasedCollator.java
C:\classpath-0.04\java\text\SimpleDateFormat.java
C:\classpath-0.04\java\text\StringCharacterIterator.java
C:\classpath-0.04\java\util\AbstractCollection.java
C:\classpath-0.04\java\util\AbstractList.java
C:\classpath-0.04\java\util\AbstractMap.java
C:\classpath-0.04\java\util\AbstractSequentialList.java
C:\classpath-0.04\java\util\AbstractSet.java
C:\classpath-0.04\java\util\ArrayList.java
C:\classpath-0.04\java\util\Arrays.java
C:\classpath-0.04\java\util\BitSet.java
C:\classpath-0.04\java\util\Calendar.java
C:\classpath-0.04\java\util\Collection.java
C:\classpath-0.04\java\util\Collections.java
C:\classpath-0.04\java\util\Comparator.java
C:\classpath-0.04\java\util\ConcurrentModificationException.java
C:\classpath-0.04\java\util\Date.java
C:\classpath-0.04\java\util\Dictionary.java
C:\classpath-0.04\java\util\EmptyStackException.java
C:\classpath-0.04\java\util\Enumeration.java
C:\classpath-0.04\java\util\EventListener.java
C:\classpath-0.04\java\util\EventListenerProxy.java
C:\classpath-0.04\java\util\EventObject.java
C:\classpath-0.04\java\util\GregorianCalendar.java
C:\classpath-0.04\java\util\HashMap.java
C:\classpath-0.04\java\util\HashSet.java
C:\classpath-0.04\java\util\Hashtable.java
C:\classpath-0.04\java\util\IdentityHashMap.java
C:\classpath-0.04\java\util\Iterator.java
C:\classpath-0.04\java\util\LinkedHashMap.java
C:\classpath-0.04\java\util\LinkedHashSet.java
C:\classpath-0.04\java\util\LinkedList.java
C:\classpath-0.04\java\util\List.java
C:\classpath-0.04\java\util\ListIterator.java
C:\classpath-0.04\java\util\ListResourceBundle.java
C:\classpath-0.04\java\util\Locale.java
C:\classpath-0.04\java\util\Map.java
C:\classpath-0.04\java\util\MissingResourceException.java
C:\classpath-0.04\java\util\NoSuchElementException.java
C:\classpath-0.04\java\util\Observable.java
C:\classpath-0.04\java\util\Observer.java
C:\classpath-0.04\java\util\Properties.java
C:\classpath-0.04\java\util\PropertyPermission.java
C:\classpath-0.04\java\util\PropertyPermissionCollection.java
C:\classpath-0.04\java\util\PropertyResourceBundle.java
C:\classpath-0.04\java\util\Random.java
C:\classpath-0.04\java\util\RandomAccess.java
C:\classpath-0.04\java\util\ResourceBundle.java
C:\classpath-0.04\java\util\Set.java
C:\classpath-0.04\java\util\SimpleTimeZone.java
C:\classpath-0.04\java\util\SortedMap.java
C:\classpath-0.04\java\util\SortedSet.java
C:\classpath-0.04\java\util\Stack.java
C:\classpath-0.04\java\util\StringTokenizer.java
C:\classpath-0.04\java\util\Timer.java
C:\classpath-0.04\java\util\TimerTask.java
C:\classpath-0.04\java\util\TimeZone.java
C:\classpath-0.04\java\util\TooManyListenersException.java
C:\classpath-0.04\java\util\TreeMap.java
C:\classpath-0.04\java\util\TreeSet.java
C:\classpath-0.04\java\util\Vector.java
C:\classpath-0.04\java\util\WeakHashMap.java
C:\classpath-0.04\java\util\jar\Attributes.java
C:\classpath-0.04\java\util\jar\JarEntry.java
C:\classpath-0.04\java\util\jar\JarException.java
C:\classpath-0.04\java\util\jar\JarFile.java
C:\classpath-0.04\java\util\jar\JarInputStream.java
C:\classpath-0.04\java\util\jar\JarOutputStream.java
C:\classpath-0.04\java\util\jar\Manifest.java
C:\classpath-0.04\java\util\logging\ConsoleHandler.java
C:\classpath-0.04\java\util\logging\ErrorManager.java
C:\classpath-0.04\java\util\logging\FileHandler.java
C:\classpath-0.04\java\util\logging\Filter.java
C:\classpath-0.04\java\util\logging\Formatter.java
C:\classpath-0.04\java\util\logging\Handler.java
C:\classpath-0.04\java\util\logging\Level.java
C:\classpath-0.04\java\util\logging\Logger.java
C:\classpath-0.04\java\util\logging\LoggingPermission.java
C:\classpath-0.04\java\util\logging\LogManager.java
C:\classpath-0.04\java\util\logging\LogRecord.java
C:\classpath-0.04\java\util\logging\MemoryHandler.java
C:\classpath-0.04\java\util\logging\SimpleFormatter.java
C:\classpath-0.04\java\util\logging\SocketHandler.java
C:\classpath-0.04\java\util\logging\StreamHandler.java
C:\classpath-0.04\java\util\logging\XMLFormatter.java
C:\classpath-0.04\java\util\prefs\AbstractPreferences.java
C:\classpath-0.04\java\util\prefs\BackingStoreException.java
C:\classpath-0.04\java\util\prefs\InvalidPreferencesFormatException.java
C:\classpath-0.04\java\util\prefs\NodeChangeEvent.java
C:\classpath-0.04\java\util\prefs\NodeChangeListener.java
C:\classpath-0.04\java\util\prefs\PreferenceChangeEvent.java
C:\classpath-0.04\java\util\prefs\PreferenceChangeListener.java
C:\classpath-0.04\java\util\prefs\Preferences.java
C:\classpath-0.04\java\util\prefs\PreferencesFactory.java
C:\classpath-0.04\java\util\regex\Matcher.java
C:\classpath-0.04\java\util\regex\Pattern.java
C:\classpath-0.04\java\util\regex\PatternSyntaxException.java
C:\classpath-0.04\java\util\zip\Adler32.java
C:\classpath-0.04\java\util\zip\CheckedInputStream.java
C:\classpath-0.04\java\util\zip\CheckedOutputStream.java
C:\classpath-0.04\java\util\zip\Checksum.java
C:\classpath-0.04\java\util\zip\CRC32.java
C:\classpath-0.04\java\util\zip\DataFormatException.java
C:\classpath-0.04\java\util\zip\Deflater.java
C:\classpath-0.04\java\util\zip\DeflaterConstants.java
C:\classpath-0.04\java\util\zip\DeflaterEngine.java
C:\classpath-0.04\java\util\zip\DeflaterHuffman.java
C:\classpath-0.04\java\util\zip\DeflaterOutputStream.java
C:\classpath-0.04\java\util\zip\DeflaterPending.java
C:\classpath-0.04\java\util\zip\GZIPInputStream.java
C:\classpath-0.04\java\util\zip\GZIPOutputStream.java
C:\classpath-0.04\java\util\zip\Inflater.java
C:\classpath-0.04\java\util\zip\InflaterDynHeader.java
C:\classpath-0.04\java\util\zip\InflaterHuffmanTree.java
C:\classpath-0.04\java\util\zip\InflaterInputStream.java
C:\classpath-0.04\java\util\zip\OutputWindow.java
C:\classpath-0.04\java\util\zip\PendingBuffer.java
C:\classpath-0.04\java\util\zip\StreamManipulator.java
C:\classpath-0.04\java\util\zip\ZipConstants.java
C:\classpath-0.04\java\util\zip\ZipEntry.java
C:\classpath-0.04\java\util\zip\ZipException.java
C:\classpath-0.04\java\util\zip\ZipFile.java
C:\classpath-0.04\java\util\zip\ZipInputStream.java
C:\classpath-0.04\java\util\zip\ZipOutputStream.java
C:\classpath-0.04\javax\accessibility\Accessible.java
C:\classpath-0.04\javax\accessibility\AccessibleAction.java
C:\classpath-0.04\javax\accessibility\AccessibleBundle.java
C:\classpath-0.04\javax\accessibility\AccessibleComponent.java
C:\classpath-0.04\javax\accessibility\AccessibleContext.java
C:\classpath-0.04\javax\accessibility\AccessibleEditableText.java
C:\classpath-0.04\javax\accessibility\AccessibleExtendedComponent.java
C:\classpath-0.04\javax\accessibility\AccessibleExtendedTable.java
C:\classpath-0.04\javax\accessibility\AccessibleHyperlink.java
C:\classpath-0.04\javax\accessibility\AccessibleHypertext.java
C:\classpath-0.04\javax\accessibility\AccessibleIcon.java
C:\classpath-0.04\javax\accessibility\AccessibleKeyBinding.java
C:\classpath-0.04\javax\accessibility\AccessibleRelation.java
C:\classpath-0.04\javax\accessibility\AccessibleRelationSet.java
C:\classpath-0.04\javax\accessibility\AccessibleResourceBundle.java
C:\classpath-0.04\javax\accessibility\AccessibleRole.java
C:\classpath-0.04\javax\accessibility\AccessibleSelection.java
C:\classpath-0.04\javax\accessibility\AccessibleState.java
C:\classpath-0.04\javax\accessibility\AccessibleStateSet.java
C:\classpath-0.04\javax\accessibility\AccessibleTable.java
C:\classpath-0.04\javax\accessibility\AccessibleTableModelChange.java
C:\classpath-0.04\javax\accessibility\AccessibleText.java
C:\classpath-0.04\javax\accessibility\AccessibleValue.java
C:\classpath-0.04\javax\naming\AuthenticationException.java
C:\classpath-0.04\javax\naming\AuthenticationNotSupportedException.java
C:\classpath-0.04\javax\naming\BinaryRefAddr.java
C:\classpath-0.04\javax\naming\Binding.java
C:\classpath-0.04\javax\naming\CannotProceedException.java
C:\classpath-0.04\javax\naming\CommunicationException.java
C:\classpath-0.04\javax\naming\CompositeName.java
C:\classpath-0.04\javax\naming\CompoundName.java
C:\classpath-0.04\javax\naming\ConfigurationException.java
C:\classpath-0.04\javax\naming\Context.java
C:\classpath-0.04\javax\naming\ContextNotEmptyException.java
C:\classpath-0.04\javax\naming\InitialContext.java
C:\classpath-0.04\javax\naming\InsufficientResourcesException.java
C:\classpath-0.04\javax\naming\InterruptedNamingException.java
C:\classpath-0.04\javax\naming\InvalidNameException.java
C:\classpath-0.04\javax\naming\LimitExceededException.java
C:\classpath-0.04\javax\naming\LinkException.java
C:\classpath-0.04\javax\naming\LinkLoopException.java
C:\classpath-0.04\javax\naming\LinkRef.java
C:\classpath-0.04\javax\naming\MalformedLinkException.java
C:\classpath-0.04\javax\naming\Name.java
C:\classpath-0.04\javax\naming\NameAlreadyBoundException.java
C:\classpath-0.04\javax\naming\NameClassPair.java
C:\classpath-0.04\javax\naming\NameNotFoundException.java
C:\classpath-0.04\javax\naming\NameParser.java
C:\classpath-0.04\javax\naming\NamingEnumeration.java
C:\classpath-0.04\javax\naming\NamingException.java
C:\classpath-0.04\javax\naming\NamingSecurityException.java
C:\classpath-0.04\javax\naming\NoInitialContextException.java
C:\classpath-0.04\javax\naming\NoPermissionException.java
C:\classpath-0.04\javax\naming\NotContextException.java
C:\classpath-0.04\javax\naming\OperationNotSupportedException.java
C:\classpath-0.04\javax\naming\PartialResultException.java
C:\classpath-0.04\javax\naming\RefAddr.java
C:\classpath-0.04\javax\naming\Reference.java
C:\classpath-0.04\javax\naming\Referenceable.java
C:\classpath-0.04\javax\naming\ReferralException.java
C:\classpath-0.04\javax\naming\ServiceUnavailableException.java
C:\classpath-0.04\javax\naming\SizeLimitExceededException.java
C:\classpath-0.04\javax\naming\StringRefAddr.java
C:\classpath-0.04\javax\naming\TimeLimitExceededException.java
C:\classpath-0.04\javax\naming\directory\Attribute.java
C:\classpath-0.04\javax\naming\directory\AttributeInUseException.java
C:\classpath-0.04\javax\naming\directory\AttributeModificationException.java
C:\classpath-0.04\javax\naming\directory\Attributes.java
C:\classpath-0.04\javax\naming\directory\BasicAttribute.java
C:\classpath-0.04\javax\naming\directory\BasicAttributes.java
C:\classpath-0.04\javax\naming\directory\DirContext.java
C:\classpath-0.04\javax\naming\directory\InitialDirContext.java
C:\classpath-0.04\javax\naming\directory\InvalidAttributeIdentifierException.java
C:\classpath-0.04\javax\naming\directory\InvalidAttributesException.java
C:\classpath-0.04\javax\naming\directory\InvalidAttributeValueException.java
C:\classpath-0.04\javax\naming\directory\InvalidSearchControlsException.java
C:\classpath-0.04\javax\naming\directory\InvalidSearchFilterException.java
C:\classpath-0.04\javax\naming\directory\ModificationItem.java
C:\classpath-0.04\javax\naming\directory\NoSuchAttributeException.java
C:\classpath-0.04\javax\naming\directory\SchemaViolationException.java
C:\classpath-0.04\javax\naming\directory\SearchControls.java
C:\classpath-0.04\javax\naming\directory\SearchResult.java
C:\classpath-0.04\javax\naming\spi\DirectoryManager.java
C:\classpath-0.04\javax\naming\spi\DirObjectFactory.java
C:\classpath-0.04\javax\naming\spi\DirStateFactory.java
C:\classpath-0.04\javax\naming\spi\InitialContextFactory.java
C:\classpath-0.04\javax\naming\spi\InitialContextFactoryBuilder.java
C:\classpath-0.04\javax\naming\spi\NamingManager.java
C:\classpath-0.04\javax\naming\spi\ObjectFactory.java
C:\classpath-0.04\javax\naming\spi\ObjectFactoryBuilder.java
C:\classpath-0.04\javax\naming\spi\Resolver.java
C:\classpath-0.04\javax\naming\spi\ResolveResult.java
C:\classpath-0.04\javax\naming\spi\StateFactory.java
C:\classpath-0.04\javax\rmi\BAD_OPERATION.java
C:\classpath-0.04\javax\rmi\ORB.java
C:\classpath-0.04\javax\rmi\PortableRemoteObject.java
C:\classpath-0.04\javax\rmi\CORBA\ClassDesc.java
C:\classpath-0.04\javax\rmi\CORBA\ObjectImpl.java
C:\classpath-0.04\javax\rmi\CORBA\PortableRemoteObjectDelegate.java
C:\classpath-0.04\javax\rmi\CORBA\Stub.java
C:\classpath-0.04\javax\rmi\CORBA\StubDelegate.java
C:\classpath-0.04\javax\rmi\CORBA\SystemException.java
C:\classpath-0.04\javax\rmi\CORBA\Tie.java
C:\classpath-0.04\javax\rmi\CORBA\Util.java
C:\classpath-0.04\javax\rmi\CORBA\UtilDelegate.java
C:\classpath-0.04\javax\rmi\CORBA\ValueHandler.java
C:\classpath-0.04\javax\sql\ConnectionEvent.java
C:\classpath-0.04\javax\sql\ConnectionEventListener.java
C:\classpath-0.04\javax\sql\ConnectionPoolDataSource.java
C:\classpath-0.04\javax\sql\DataSource.java
C:\classpath-0.04\javax\sql\PooledConnection.java
C:\classpath-0.04\javax\sql\RowSet.java
C:\classpath-0.04\javax\sql\RowSetEvent.java
C:\classpath-0.04\javax\sql\RowSetInternal.java
C:\classpath-0.04\javax\sql\RowSetListener.java
C:\classpath-0.04\javax\sql\RowSetMetaData.java
C:\classpath-0.04\javax\sql\RowSetReader.java
C:\classpath-0.04\javax\sql\RowSetWriter.java
C:\classpath-0.04\javax\sql\XAConnection.java
C:\classpath-0.04\javax\sql\XADataSource.java
C:\classpath-0.04\javax\swing\AbstractAction.java
C:\classpath-0.04\javax\swing\AbstractButton.java
C:\classpath-0.04\javax\swing\AbstractCellEditor.java
C:\classpath-0.04\javax\swing\AbstractListModel.java
C:\classpath-0.04\javax\swing\AbstractSet.java
C:\classpath-0.04\javax\swing\Action.java
C:\classpath-0.04\javax\swing\ActionMap.java
C:\classpath-0.04\javax\swing\BorderFactory.java
C:\classpath-0.04\javax\swing\BoundedRangeModel.java
C:\classpath-0.04\javax\swing\Box.java
C:\classpath-0.04\javax\swing\BoxLayout.java
C:\classpath-0.04\javax\swing\ButtonGroup.java
C:\classpath-0.04\javax\swing\ButtonModel.java
C:\classpath-0.04\javax\swing\CellEditor.java
C:\classpath-0.04\javax\swing\CellRendererPane.java
C:\classpath-0.04\javax\swing\ComboBoxEditor.java
C:\classpath-0.04\javax\swing\ComboBoxModel.java
C:\classpath-0.04\javax\swing\ComponentInputMap.java
C:\classpath-0.04\javax\swing\DebugGraphics.java
C:\classpath-0.04\javax\swing\DefaultBoundedRangeModel.java
C:\classpath-0.04\javax\swing\DefaultButtonModel.java
C:\classpath-0.04\javax\swing\DefaultCellEditor.java
C:\classpath-0.04\javax\swing\DefaultCellRenderer.java
C:\classpath-0.04\javax\swing\DefaultComboBoxModel.java
C:\classpath-0.04\javax\swing\DefaultDesktopManager.java
C:\classpath-0.04\javax\swing\DefaultFocusManager.java
C:\classpath-0.04\javax\swing\DefaultListCellRenderer.java
C:\classpath-0.04\javax\swing\DefaultListModel.java
C:\classpath-0.04\javax\swing\DefaultListSelectionModel.java
C:\classpath-0.04\javax\swing\DefaultSingleSelectionModel.java
C:\classpath-0.04\javax\swing\DesktopManager.java
C:\classpath-0.04\javax\swing\FocusManager.java
C:\classpath-0.04\javax\swing\GrayFilter.java
C:\classpath-0.04\javax\swing\Icon.java
C:\classpath-0.04\javax\swing\ImageIcon.java
C:\classpath-0.04\javax\swing\InputMap.java
C:\classpath-0.04\javax\swing\InputVerifier.java
C:\classpath-0.04\javax\swing\JApplet.java
C:\classpath-0.04\javax\swing\JButton.java
C:\classpath-0.04\javax\swing\JCheckBox.java
C:\classpath-0.04\javax\swing\JCheckBoxMenuItem.java
C:\classpath-0.04\javax\swing\JColorChooser.java
C:\classpath-0.04\javax\swing\JComboBox.java
C:\classpath-0.04\javax\swing\JComponent.java
C:\classpath-0.04\javax\swing\JDesktopPane.java
C:\classpath-0.04\javax\swing\JDialog.java
C:\classpath-0.04\javax\swing\JEditorPane.java
C:\classpath-0.04\javax\swing\JFileChooser.java
C:\classpath-0.04\javax\swing\JFrame.java
C:\classpath-0.04\javax\swing\JInternalFrame.java
C:\classpath-0.04\javax\swing\JLabel.java
C:\classpath-0.04\javax\swing\JLayeredPane.java
C:\classpath-0.04\javax\swing\JList.java
C:\classpath-0.04\javax\swing\JMenu.java
C:\classpath-0.04\javax\swing\JMenuBar.java
C:\classpath-0.04\javax\swing\JMenuItem.java
C:\classpath-0.04\javax\swing\JOptionPane.java
C:\classpath-0.04\javax\swing\JPanel.java
C:\classpath-0.04\javax\swing\JPasswordField.java
C:\classpath-0.04\javax\swing\JPopupMenu.java
C:\classpath-0.04\javax\swing\JProgressBar.java
C:\classpath-0.04\javax\swing\JRadioButton.java
C:\classpath-0.04\javax\swing\JRadioButtonMenuItem.java
C:\classpath-0.04\javax\swing\JRootPane.java
C:\classpath-0.04\javax\swing\JScrollBar.java
C:\classpath-0.04\javax\swing\JScrollPane.java
C:\classpath-0.04\javax\swing\JSeparator.java
C:\classpath-0.04\javax\swing\JSlider.java
C:\classpath-0.04\javax\swing\JSplitPane.java
C:\classpath-0.04\javax\swing\JTabbedPane.java
C:\classpath-0.04\javax\swing\JTable.java
C:\classpath-0.04\javax\swing\JTextField.java
C:\classpath-0.04\javax\swing\JTextPane.java
C:\classpath-0.04\javax\swing\JToggleButton.java
C:\classpath-0.04\javax\swing\JToolBar.java
C:\classpath-0.04\javax\swing\JToolTip.java
C:\classpath-0.04\javax\swing\JTree.java
C:\classpath-0.04\javax\swing\JViewport.java
C:\classpath-0.04\javax\swing\JWindow.java
C:\classpath-0.04\javax\swing\KeyStroke.java
C:\classpath-0.04\javax\swing\ListCellRenderer.java
C:\classpath-0.04\javax\swing\ListModel.java
C:\classpath-0.04\javax\swing\ListSelectionModel.java
C:\classpath-0.04\javax\swing\LookAndFeel.java
C:\classpath-0.04\javax\swing\MenuElement.java
C:\classpath-0.04\javax\swing\MenuSelectionManager.java
C:\classpath-0.04\javax\swing\MutableComboBoxModel.java
C:\classpath-0.04\javax\swing\OverlayLayout.java
C:\classpath-0.04\javax\swing\ProgressMonitor.java
C:\classpath-0.04\javax\swing\ProgressMonitorInputStream.java
C:\classpath-0.04\javax\swing\Renderer.java
C:\classpath-0.04\javax\swing\RepaintManager.java
C:\classpath-0.04\javax\swing\RootPaneContainer.java
C:\classpath-0.04\javax\swing\Scrollable.java
C:\classpath-0.04\javax\swing\ScrollPaneConstants.java
C:\classpath-0.04\javax\swing\ScrollPaneLayout.java
C:\classpath-0.04\javax\swing\SingleSelectionModel.java
C:\classpath-0.04\javax\swing\SizeRequirements.java
C:\classpath-0.04\javax\swing\SizeSequence.java
C:\classpath-0.04\javax\swing\SwingConstants.java
C:\classpath-0.04\javax\swing\SwingUtilities.java
C:\classpath-0.04\javax\swing\Timer.java
C:\classpath-0.04\javax\swing\ToggleButtonModel.java
C:\classpath-0.04\javax\swing\ToolTipManager.java
C:\classpath-0.04\javax\swing\UIDefaults.java
C:\classpath-0.04\javax\swing\UIManager.java
C:\classpath-0.04\javax\swing\UnsupportedLookAndFeelException.java
C:\classpath-0.04\javax\swing\ViewportLayout.java
C:\classpath-0.04\javax\swing\WindowConstants.java
C:\classpath-0.04\javax\swing\border\AbstractBorder.java
C:\classpath-0.04\javax\swing\border\BevelBorder.java
C:\classpath-0.04\javax\swing\border\Border.java
C:\classpath-0.04\javax\swing\border\CompoundBorder.java
C:\classpath-0.04\javax\swing\border\EmptyBorder.java
C:\classpath-0.04\javax\swing\border\EtchedBorder.java
C:\classpath-0.04\javax\swing\border\LineBorder.java
C:\classpath-0.04\javax\swing\border\MatteBorder.java
C:\classpath-0.04\javax\swing\border\TitledBorder.java
C:\classpath-0.04\javax\swing\colorchooser\AbstractColorChooserPanel.java
C:\classpath-0.04\javax\swing\colorchooser\ColorChooserComponentFactory.java
C:\classpath-0.04\javax\swing\colorchooser\ColorSelectionModel.java
C:\classpath-0.04\javax\swing\colorchooser\DefaultColorSelectionModel.java
C:\classpath-0.04\javax\swing\event\AncestorEvent.java
C:\classpath-0.04\javax\swing\event\AncestorListener.java
C:\classpath-0.04\javax\swing\event\CaretEvent.java
C:\classpath-0.04\javax\swing\event\CaretListener.java
C:\classpath-0.04\javax\swing\event\CellEditorListener.java
C:\classpath-0.04\javax\swing\event\ChangeEvent.java
C:\classpath-0.04\javax\swing\event\ChangeListener.java
C:\classpath-0.04\javax\swing\event\DocumentEvent.java
C:\classpath-0.04\javax\swing\event\DocumentListener.java
C:\classpath-0.04\javax\swing\event\EventListenerList.java
C:\classpath-0.04\javax\swing\event\HyperlinkEvent.java
C:\classpath-0.04\javax\swing\event\HyperlinkListener.java
C:\classpath-0.04\javax\swing\event\InternalFrameAdapter.java
C:\classpath-0.04\javax\swing\event\InternalFrameEvent.java
C:\classpath-0.04\javax\swing\event\InternalFrameListener.java
C:\classpath-0.04\javax\swing\event\ListDataEvent.java
C:\classpath-0.04\javax\swing\event\ListDataListener.java
C:\classpath-0.04\javax\swing\event\ListSelectionEvent.java
C:\classpath-0.04\javax\swing\event\ListSelectionListener.java
C:\classpath-0.04\javax\swing\event\MenuDragMouseEvent.java
C:\classpath-0.04\javax\swing\event\MenuDragMouseListener.java
C:\classpath-0.04\javax\swing\event\MenuEvent.java
C:\classpath-0.04\javax\swing\event\MenuKeyEvent.java
C:\classpath-0.04\javax\swing\event\MenuKeyListener.java
C:\classpath-0.04\javax\swing\event\MenuListener.java
C:\classpath-0.04\javax\swing\event\MouseInputAdapter.java
C:\classpath-0.04\javax\swing\event\MouseInputListener.java
C:\classpath-0.04\javax\swing\event\PopupMenuEvent.java
C:\classpath-0.04\javax\swing\event\PopupMenuListener.java
C:\classpath-0.04\javax\swing\event\SwingPropertyChangeSupport.java
C:\classpath-0.04\javax\swing\event\TableColumnModelEvent.java
C:\classpath-0.04\javax\swing\event\TableColumnModelListener.java
C:\classpath-0.04\javax\swing\event\TableModelEvent.java
C:\classpath-0.04\javax\swing\event\TableModelListener.java
C:\classpath-0.04\javax\swing\event\TreeExpansionEvent.java
C:\classpath-0.04\javax\swing\event\TreeExpansionListener.java
C:\classpath-0.04\javax\swing\event\TreeModelEvent.java
C:\classpath-0.04\javax\swing\event\TreeModelListener.java
C:\classpath-0.04\javax\swing\event\TreeSelectionEvent.java
C:\classpath-0.04\javax\swing\event\TreeSelectionListener.java
C:\classpath-0.04\javax\swing\event\TreeWillExpandListener.java
C:\classpath-0.04\javax\swing\event\UndoableEditEvent.java
C:\classpath-0.04\javax\swing\event\UndoableEditListener.java
C:\classpath-0.04\javax\swing\filechooser\FileFilter.java
C:\classpath-0.04\javax\swing\filechooser\FileSystemView.java
C:\classpath-0.04\javax\swing\filechooser\FileView.java
C:\classpath-0.04\javax\swing\plaf\ActionMapUIResource.java
C:\classpath-0.04\javax\swing\plaf\BorderUIResource.java
C:\classpath-0.04\javax\swing\plaf\ButtonUI.java
C:\classpath-0.04\javax\swing\plaf\ColorChooserUI.java
C:\classpath-0.04\javax\swing\plaf\ColorUIResource.java
C:\classpath-0.04\javax\swing\plaf\ComboBoxUI.java
C:\classpath-0.04\javax\swing\plaf\ComponentInputMapUIResource.java
C:\classpath-0.04\javax\swing\plaf\ComponentUI.java
C:\classpath-0.04\javax\swing\plaf\DesktopIconUI.java
C:\classpath-0.04\javax\swing\plaf\DesktopPaneUI.java
C:\classpath-0.04\javax\swing\plaf\DimensionUIResource.java
C:\classpath-0.04\javax\swing\plaf\FileChooserUI.java
C:\classpath-0.04\javax\swing\plaf\FontUIResource.java
C:\classpath-0.04\javax\swing\plaf\IconUIResource.java
C:\classpath-0.04\javax\swing\plaf\InputMapUIResource.java
C:\classpath-0.04\javax\swing\plaf\InsetsUIResource.java
C:\classpath-0.04\javax\swing\plaf\InternalFrameUI.java
C:\classpath-0.04\javax\swing\plaf\LabelUI.java
C:\classpath-0.04\javax\swing\plaf\ListUI.java
C:\classpath-0.04\javax\swing\plaf\MenuBarUI.java
C:\classpath-0.04\javax\swing\plaf\MenuItemUI.java
C:\classpath-0.04\javax\swing\plaf\OptionPaneUI.java
C:\classpath-0.04\javax\swing\plaf\PanelUI.java
C:\classpath-0.04\javax\swing\plaf\PopupMenuUI.java
C:\classpath-0.04\javax\swing\plaf\ProgressBarUI.java
C:\classpath-0.04\javax\swing\plaf\RootPaneUI.java
C:\classpath-0.04\javax\swing\plaf\ScrollBarUI.java
C:\classpath-0.04\javax\swing\plaf\ScrollPaneUI.java
C:\classpath-0.04\javax\swing\plaf\SeparatorUI.java
C:\classpath-0.04\javax\swing\plaf\SliderUI.java
C:\classpath-0.04\javax\swing\plaf\SplitPaneUI.java
C:\classpath-0.04\javax\swing\plaf\TabbedPaneUI.java
C:\classpath-0.04\javax\swing\plaf\TableHeaderUI.java
C:\classpath-0.04\javax\swing\plaf\TableUI.java
C:\classpath-0.04\javax\swing\plaf\TextUI.java
C:\classpath-0.04\javax\swing\plaf\ToolBarUI.java
C:\classpath-0.04\javax\swing\plaf\ToolTipUI.java
C:\classpath-0.04\javax\swing\plaf\TreeUI.java
C:\classpath-0.04\javax\swing\plaf\UIResource.java
C:\classpath-0.04\javax\swing\plaf\ViewportUI.java
C:\classpath-0.04\javax\swing\plaf\basic\BasicBorders.java
C:\classpath-0.04\javax\swing\plaf\basic\BasicButtonUI.java
C:\classpath-0.04\javax\swing\plaf\basic\BasicCheckBoxUI.java
C:\classpath-0.04\javax\swing\plaf\basic\BasicDefaults.java
C:\classpath-0.04\javax\swing\plaf\basic\BasicGraphicsUtils.java
C:\classpath-0.04\javax\swing\plaf\basic\BasicIconFactory.java
C:\classpath-0.04\javax\swing\plaf\basic\BasicLabelUI.java
C:\classpath-0.04\javax\swing\plaf\basic\BasicListUI.java
C:\classpath-0.04\javax\swing\plaf\basic\BasicLookAndFeel.java
C:\classpath-0.04\javax\swing\plaf\basic\BasicOptionPaneUI.java
C:\classpath-0.04\javax\swing\plaf\basic\BasicPanelUI.java
C:\classpath-0.04\javax\swing\plaf\basic\BasicRadioButtonUI.java
C:\classpath-0.04\javax\swing\plaf\basic\BasicScrollPaneUI.java
C:\classpath-0.04\javax\swing\plaf\basic\BasicTabbedPaneUI.java
C:\classpath-0.04\javax\swing\plaf\basic\BasicTextUI.java
C:\classpath-0.04\javax\swing\plaf\basic\BasicToggleButtonUI.java
C:\classpath-0.04\javax\swing\plaf\basic\BasicTreeUI.java
C:\classpath-0.04\javax\swing\plaf\basic\BasicViewportUI.java
C:\classpath-0.04\javax\swing\plaf\metal\MetalLookAndFeel.java
C:\classpath-0.04\javax\swing\table\AbstractTableModel.java
C:\classpath-0.04\javax\swing\table\DefaultTableCellRenderer.java
C:\classpath-0.04\javax\swing\table\DefaultTableColumnModel.java
C:\classpath-0.04\javax\swing\table\DefaultTableModel.java
C:\classpath-0.04\javax\swing\table\TableCellEditor.java
C:\classpath-0.04\javax\swing\table\TableCellRenderer.java
C:\classpath-0.04\javax\swing\table\TableColumn.java
C:\classpath-0.04\javax\swing\table\TableColumnModel.java
C:\classpath-0.04\javax\swing\table\TableModel.java
C:\classpath-0.04\javax\swing\text\AbstractDocument.java
C:\classpath-0.04\javax\swing\text\AttributeSet.java
C:\classpath-0.04\javax\swing\text\BadLocationException.java
C:\classpath-0.04\javax\swing\text\Caret.java
C:\classpath-0.04\javax\swing\text\CharacterIterator.java
C:\classpath-0.04\javax\swing\text\ComponentView.java
C:\classpath-0.04\javax\swing\text\DefaultCaret.java
C:\classpath-0.04\javax\swing\text\DefaultEditorKit.java
C:\classpath-0.04\javax\swing\text\Document.java
C:\classpath-0.04\javax\swing\text\EditorKit.java
C:\classpath-0.04\javax\swing\text\Element.java
C:\classpath-0.04\javax\swing\text\GapContent.java
C:\classpath-0.04\javax\swing\text\JTextComponent.java
C:\classpath-0.04\javax\swing\text\Keymap.java
C:\classpath-0.04\javax\swing\text\MutableAttributeSet.java
C:\classpath-0.04\javax\swing\text\PlainDocument.java
C:\classpath-0.04\javax\swing\text\PlainEditorKit.java
C:\classpath-0.04\javax\swing\text\Position.java
C:\classpath-0.04\javax\swing\text\Segment.java
C:\classpath-0.04\javax\swing\text\Style.java
C:\classpath-0.04\javax\swing\text\StyledDocument.java
C:\classpath-0.04\javax\swing\text\StyledEditorKit.java
C:\classpath-0.04\javax\swing\text\TextAction.java
C:\classpath-0.04\javax\swing\text\View.java
C:\classpath-0.04\javax\swing\text\ViewFactory.java
C:\classpath-0.04\javax\swing\text\html\HTML.java
C:\classpath-0.04\javax\swing\text\html\parser\ParserDelegator.java
C:\classpath-0.04\javax\swing\tree\AbstractLayoutCache.java
C:\classpath-0.04\javax\swing\tree\DefaultMutableTreeNode.java
C:\classpath-0.04\javax\swing\tree\DefaultTreeCellEditor.java
C:\classpath-0.04\javax\swing\tree\DefaultTreeCellRenderer.java
C:\classpath-0.04\javax\swing\tree\DefaultTreeModel.java
C:\classpath-0.04\javax\swing\tree\DefaultTreeSelectionModel.java
C:\classpath-0.04\javax\swing\tree\ExpandVetoException.java
C:\classpath-0.04\javax\swing\tree\FixedHeightLayoutCache.java
C:\classpath-0.04\javax\swing\tree\MutableTreeNode.java
C:\classpath-0.04\javax\swing\tree\RowMapper.java
C:\classpath-0.04\javax\swing\tree\TreeCellEditor.java
C:\classpath-0.04\javax\swing\tree\TreeCellRenderer.java
C:\classpath-0.04\javax\swing\tree\TreeModel.java
C:\classpath-0.04\javax\swing\tree\TreeNode.java
C:\classpath-0.04\javax\swing\tree\TreePath.java
C:\classpath-0.04\javax\swing\tree\TreeSelectionModel.java
C:\classpath-0.04\javax\swing\tree\VariableHeightLayoutCache.java
C:\classpath-0.04\javax\swing\undo\AbstractUndoableEdit.java
C:\classpath-0.04\javax\swing\undo\CannotRedoException.java
C:\classpath-0.04\javax\swing\undo\CannotUndoException.java
C:\classpath-0.04\javax\swing\undo\CompoundEdit.java
C:\classpath-0.04\javax\swing\undo\StateEdit.java
C:\classpath-0.04\javax\swing\undo\StateEditable.java
C:\classpath-0.04\javax\swing\undo\UndoableEdit.java
C:\classpath-0.04\javax\swing\undo\UndoableEditSupport.java
C:\classpath-0.04\javax\swing\undo\UndoManager.java
C:\classpath-0.04\javax\transaction\HeuristicCommitException.java
C:\classpath-0.04\javax\transaction\HeuristicMixedException.java
C:\classpath-0.04\javax\transaction\HeuristicRollbackException.java
C:\classpath-0.04\javax\transaction\InvalidTransactionException.java
C:\classpath-0.04\javax\transaction\NotSupportedException.java
C:\classpath-0.04\javax\transaction\RollbackException.java
C:\classpath-0.04\javax\transaction\Status.java
C:\classpath-0.04\javax\transaction\Synchronization.java
C:\classpath-0.04\javax\transaction\SystemException.java
C:\classpath-0.04\javax\transaction\Transaction.java
C:\classpath-0.04\javax\transaction\TransactionManager.java
C:\classpath-0.04\javax\transaction\TransactionRequiredException.java
C:\classpath-0.04\javax\transaction\TransactionRolledbackException.java
C:\classpath-0.04\javax\transaction\UserTransaction.java
C:\classpath-0.04\javax\transaction\xa\XAException.java
C:\classpath-0.04\javax\transaction\xa\XAResource.java
C:\classpath-0.04\javax\transaction\xa\Xid.java
C:\classpath-0.04\vm\reference\gnu\vm\stack\StackFrame.java
C:\classpath-0.04\vm\reference\gnu\vm\stack\StackTrace.java
C:\classpath-0.04\vm\reference\java\lang\Runtime.java
C:\classpath-0.04\vm\reference\java\lang\VMObject.java
C:\classpath-0.04\vm\reference\java\lang\VMSecurityManager.java
C:\classpath-0.04\vm\reference\java\lang\VMSystem.java
C:\classpath-0.04\vm\reference\java\lang\VMThrowable.java
C:\classpath-0.04\vm\reference\java\io\VMObjectStreamClass.java
