/classpath/gnu/java/awt/peer/gtk/
/classpath/gnu/java/awt/peer/qt/
/classpath/gnu/java/util/prefs/gconf/
/classpath/gnu/java/util/prefs/GConfBasedFactory.java
/classpath/gnu/java/util/prefs/GConfBasedPreferences.java
/classpath/compat/
/classpath/examples/
/classpath/gnu/classpath/jdwp/
/classpath/gnu/classpath/Pointer.java
/classpath/gnu/classpath/Pointer32.java
/classpath/gnu/classpath/Pointer64.java
/classpath/gnu/java/net/local/
/classpath/gnu/java/net/PlainDatagramSocketImpl.java
/classpath/gnu/java/net/PlainSocketImpl.java 
/classpath/gnu/java/nio/channels/FileChannelImpl.java
/classpath/gnu/java/nio/charset/iconv/
/classpath/gnu/java/nio/DatagramChannelSelectionKey.java
/classpath/gnu/java/nio/SelectionKeyImpl.java
/classpath/gnu/java/nio/SelectorImpl.java
/classpath/gnu/java/nio/ServerSocketChannelSelectionKey.java
/classpath/gnu/java/nio/SocketChannelSelectionKey.java
/classpath/gnu/java/nio/SocketChannelSelectionKeyImpl.java
/classpath/gnu/javax/sound/midi/
/classpath/gnu/xml/libxmlj/
/classpath/gnu/test/
/classpath/java/lang/ref/Reference.java
/classpath/java/nio/MappedByteBufferImpl.java
/classpath/testsuite/
/classpath/test/
/classpath/tools/
/classpath/vm/reference/
