../../classpath/vm/reference/java/io/VMObjectStreamClass.java
../../classpath/vm/reference/java/lang/reflect/VMArray.java
../../classpath/vm/reference/java/lang/VMCompiler.java
../../classpath/vm/reference/java/lang/VMObject.java
../../classpath/vm/reference/java/lang/VMString.java
../../classpath/vm/reference/java/lang/VMThrowable.java
gnu/classpath/Configuration.java
gnu/classpath/Pointer.java
gnu/classpath/VMStackWalker.java
gnu/classpath/VMSystemProperties.java
gnu/java/awt/peer/gtk/CairoSurface.java
gnu/java/lang/reflect/VMField.java
gnu/java/lang/management/VMRuntimeMXBeanImpl.java
gnu/java/lang/VMInstrumentationImpl.java
gnu/java/locale/LocaleData.java
gnu/java/net/PlainDatagramSocketImpl.java
gnu/java/net/PlainSocketImpl.java
gnu/java/net/protocol/ikvmres/Handler.java
gnu/java/nio/channels/FileChannelImpl.java
gnu/java/nio/charset/iconv/IconvProvider.java
gnu/java/nio/DatagramChannelSelectionKey.java
gnu/java/nio/SelectionKeyImpl.java
gnu/java/nio/SelectorImpl.java
gnu/java/nio/ServerSocketChannelSelectionKey.java
gnu/java/nio/SocketChannelSelectionKey.java
gnu/java/nio/SocketChannelSelectionKeyImpl.java
gnu/java/nio/VMChannel.java
gnu/java/nio/VMPipe.java
ikvm/internal/AnnotationAttributeBase.java
ikvm/internal/Library.java
ikvm/internal/LibraryVMInterface.java
ikvm/internal/WeakIdentityMap.java
ikvm/io/InputStreamWrapper.java
ikvm/lang/CIL.java
ikvm/lang/Internal.java
java/io/VMFile.java
java/io/VMObjectInputStream.java
java/lang/DoubleToString.java
java/lang/ExceptionHelper.java
java/lang/LibraryVMInterfaceImpl.java
java/lang/ref/Reference.java
java/lang/reflect/Constructor.java
java/lang/reflect/Field.java
java/lang/reflect/Method.java
java/lang/reflect/VMFieldImpl.java
java/lang/reflect/VMProxy.java
java/lang/StringHelper.java
java/lang/VMClass.java
java/lang/VMClassLoader.java
java/lang/VMDouble.java
java/lang/VMFloat.java
java/lang/VMMath.java
java/lang/VMRuntime.java
java/lang/VMSystem.java
java/lang/VMThread.java
java/net/VMInetAddress.java
java/net/VMNetworkInterface.java
java/net/VMURLConnection.java
java/nio/channels/VMChannels.java
java/nio/MappedByteBufferImpl.java
java/nio/VMDirectByteBuffer.java
java/security/VMAccessController.java
java/security/VMSecureRandom.java
java/util/concurrent/atomic/AtomicInteger.java
java/util/concurrent/atomic/AtomicIntegerArray.java
java/util/concurrent/atomic/AtomicReference.java
java/util/concurrent/atomic/AtomicReferenceArray.java
java/util/concurrent/locks/LockSupport.java
java/util/VMTimeZone.java
sun/misc/Ref.java
sun/misc/Unsafe.java
sun/reflect/Reflection.java
