../../classpath/vm/reference/java/io/VMObjectStreamClass.java
../../classpath/vm/reference/java/lang/reflect/VMArray.java
../../classpath/vm/reference/java/lang/VMCompiler.java
../../classpath/vm/reference/java/lang/VMObject.java
../../classpath/vm/reference/java/lang/VMString.java
../../classpath/vm/reference/java/lang/VMThrowable.java
../../classpath/vm/reference/sun/reflect/misc/ReflectUtil.java
AssemblyInfo.java
gnu/classpath/Configuration.java
gnu/classpath/PointerUtil.java
gnu/classpath/VMStackWalker.java
gnu/classpath/VMSystemProperties.java
gnu/java/awt/peer/gtk/CairoSurface.java
gnu/java/lang/reflect/VMField.java
gnu/java/lang/management/VMClassLoadingMXBeanImpl.java
gnu/java/lang/management/VMCompilationMXBeanImpl.java
gnu/java/lang/management/VMGarbageCollectorMXBeanImpl.java
gnu/java/lang/management/VMMemoryManagerMXBeanImpl.java
gnu/java/lang/management/VMMemoryMXBeanImpl.java
gnu/java/lang/management/VMMemoryPoolMXBeanImpl.java
gnu/java/lang/management/VMOperatingSystemMXBeanImpl.java
gnu/java/lang/management/VMRuntimeMXBeanImpl.java
gnu/java/lang/management/VMThreadMXBeanImpl.java
gnu/java/lang/VMInstrumentationImpl.java
gnu/java/locale/LocaleData.java
gnu/java/net/PlainDatagramSocketImpl.java
gnu/java/net/PlainSocketImpl.java
gnu/java/net/protocol/ikvmres/Handler.java
gnu/java/nio/charset/iconv/IconvProvider.java
gnu/java/nio/DatagramChannelImpl.java
gnu/java/nio/FileChannelImpl.java
gnu/java/nio/PipeImpl.java
gnu/java/nio/SelectionKeyImpl.java
gnu/java/nio/SelectorImpl.java
gnu/java/nio/SelectorProviderImpl.java
gnu/java/nio/ServerSocketChannelImpl.java
gnu/java/nio/SocketChannelImpl.java
gnu/java/security/Configuration.java
ikvm/internal/AnnotationAttributeBase.java
ikvm/internal/AssemblyClassLoader.java
ikvm/internal/EnumEnum.java
ikvm/internal/Formatter.java
ikvm/internal/Library.java
ikvm/internal/LibraryVMInterface.java
ikvm/internal/stubgen/StubGenerator.java
ikvm/internal/Util.java
ikvm/internal/WeakIdentityMap.java
ikvm/io/InputStreamWrapper.java
ikvm/lang/CIL.java
ikvm/lang/Internal.java
ikvm/runtime/Startup.java
ikvm/runtime/Util.java
java/io/VMFile.java
java/io/VMObjectInputStream.java
java/lang/DoubleToString.java
java/lang/ExceptionHelper.java
java/lang/LibraryVMInterfaceImpl.java
java/lang/management/VMManagementFactory.java
java/lang/ref/Reference.java
java/lang/reflect/Constructor.java
java/lang/reflect/Field.java
java/lang/reflect/Method.java
java/lang/reflect/VMFieldImpl.java
java/lang/reflect/VMProxy.java
java/lang/StringHelper.java
java/lang/VMClass.java
java/lang/VMClassLoader.java
java/lang/VMDouble.java
java/lang/VMFloat.java
java/lang/VMInstrumentationImpl.java
java/lang/VMMath.java
java/lang/VMProcess.java
java/lang/VMRuntime.java
java/lang/VMSystem.java
java/lang/VMThread.java
java/net/NioServerSocket.java
java/net/VMInetAddress.java
java/net/VMNetworkInterface.java
java/net/VMURLConnection.java
java/nio/channels/VMChannels.java
java/nio/DirectByteBufferImpl.java
java/nio/VMDirectByteBuffer.java
java/security/VMAccessController.java
java/security/VMSecureRandom.java
java/util/concurrent/atomic/AtomicBoolean.java
java/util/concurrent/atomic/AtomicInteger.java
java/util/concurrent/atomic/AtomicIntegerArray.java
java/util/concurrent/atomic/AtomicLong.java
java/util/concurrent/atomic/AtomicLongArray.java
java/util/concurrent/atomic/AtomicReference.java
java/util/concurrent/atomic/AtomicReferenceArray.java
java/util/concurrent/locks/LockSupport.java
java/util/VMTimeZone.java
sun/misc/Ref.java
sun/misc/Unsafe.java
sun/reflect/Reflection.java
